Running Jupyter-Book v1.0.3
Source Folder: /book
Config Path: /book/_config.yml
Output Path: /book/_build/html
[01mRunning Sphinx v7.4.7[39;49;00m
[01mloading translations [en]... [39;49;00mdone
[etoc] Changing master_doc to 'intro'
[01mmyst v2.0.0:[39;49;00m MdParserConfig(commonmark_only=False, gfm_only=False, enable_extensions={'colon_fence', 'amsmath', 'linkify', 'dollarmath'}, disable_syntax=[], all_links_external=False, url_schemes=('mailto', 'http', 'https'), ref_domains=None, fence_as_directive=set(), number_code_blocks=[], title_to_header=False, heading_anchors=0, heading_slug_func=None, html_meta={}, footnote_transition=True, words_per_minute=200, substitutions={}, linkify_fuzzy_links=True, dmath_allow_labels=True, dmath_allow_space=True, dmath_allow_digits=True, dmath_double_inline=False, update_mathjax=True, mathjax_classes='tex2jax_process|mathjax_process|math|output_area', enable_checkboxes=False, suppress_warnings=[], highlight_code_blocks=True)
[01mmyst-nb v1.4.0:[39;49;00m NbParserConfig(custom_formats={}, metadata_key='mystnb', cell_metadata_key='mystnb', kernel_rgx_aliases={}, eval_name_regex='^[a-zA-Z_][a-zA-Z0-9_]*$', execution_mode='force', execution_cache_path='', execution_excludepatterns=[], execution_timeout=1800, execution_in_temp=False, execution_allow_errors=False, execution_raise_on_error=False, execution_show_tb=False, merge_streams=False, render_plugin='default', remove_code_source=False, remove_code_outputs=False, scroll_outputs=False, code_prompt_show='Show code cell {type}', code_prompt_hide='Hide code cell {type}', number_source_lines=False, output_stderr='show', render_text_lexer='myst-ansi', render_error_lexer='ipythontb', render_image_options={}, render_figure_options={}, render_markdown_format='commonmark', output_folder='build', append_css=True, metadata_to_fm=False)
Using jupyter-cache at: /book/_build/.jupyter_cache
[01msphinx-multitoc-numbering v0.1.3:[39;49;00m Loaded
[01mbuilding [mo]: [39;49;00mtargets for 0 po files that are out of date
[01mwriting output... [39;49;00m
[01mbuilding [html]: [39;49;00mtargets for 11 source files that are out of date
[01mupdating environment: [39;49;00m[new config] 11 added, 0 changed, 0 removed
[01mreading sources... [39;49;00m[  9%] [35m00-setup/environment[39;49;00m
/book/00-setup/environment.ipynb: Executing notebook using local CWD [mystnb]
No configuration file found, use the default configuration
/book/00-setup/environment.ipynb: Executed notebook in 9.05 seconds [mystnb]
[01mreading sources... [39;49;00m[ 18%] [35m01-foundations/ndarray-basics[39;49;00m
/book/01-foundations/ndarray-basics.ipynb: Executing notebook using local CWD [mystnb]
No configuration file found, use the default configuration
   Compiling autocfg v1.5.1
   Compiling rawpointer v0.2.1
   Compiling matrixmultiply v0.3.11
   Compiling ndarray v0.15.6
/book/01-foundations/ndarray-basics.ipynb: Executed notebook in 11.65 seconds [mystnb]
[01mreading sources... [39;49;00m[ 27%] [35m01-foundations/polars-basics[39;49;00m
/book/01-foundations/polars-basics.ipynb: Executing notebook using local CWD [mystnb]
No configuration file found, use the default configuration
   Compiling version_check v0.9.5
   Compiling quote v1.0.47
   Compiling libc v0.2.189
   Compiling autocfg v1.5.1
   Compiling libm v0.2.16
   Compiling serde_core v1.0.229
   Compiling zerocopy v0.8.56
   Compiling object v0.39.1
   Compiling shlex v2.0.1
   Compiling memchr v2.8.3
   Compiling serde v1.0.229
   Compiling cc v1.4.2
   Compiling rustversion v1.0.23
   Compiling getrandom v0.3.4
   Compiling bitflags v2.13.1
   Compiling ahash v0.8.12
   Compiling stacker v0.1.25
   Compiling thiserror v1.0.69
   Compiling either v1.17.0
   Compiling parking_lot_core v0.9.12
   Compiling planus v0.3.1
   Compiling scopeguard v1.2.0
   Compiling equivalent v1.0.2
   Compiling once_cell v1.21.4
   Compiling syn v1.0.109
   Compiling smallvec v1.15.2
   Compiling lock_api v0.4.14
   Compiling foldhash v0.1.5
   Compiling static_assertions v1.1.0
   Compiling ryu v1.0.23
   Compiling hashbrown v0.17.1
   Compiling itoa v1.0.18
   Compiling simdutf8 v0.1.5
   Compiling syn v3.0.3
   Compiling syn v2.0.119
   Compiling rayon v1.12.0
   Compiling bytes v1.12.1
   Compiling ar_archive_writer v0.5.3
   Compiling memmap2 v0.7.1
   Compiling castaway v0.2.4
   Compiling chrono v0.4.45
   Compiling psm v0.1.32
   Compiling parking_lot v0.12.5
   Compiling heck v0.5.0
   Compiling getrandom v0.2.17
   Compiling serde_derive v1.0.229
   Compiling bytemuck_derive v1.12.0
   Compiling ethnum v1.5.3
   Compiling atoi_simd v0.15.6
   Compiling regex v1.13.1
   Compiling strength_reduce v0.2.4
   Compiling rustix v1.1.4
   Compiling rand_core v0.6.4
   Compiling matrixmultiply v0.3.11
   Compiling litrs v1.0.0
   Compiling rawpointer v0.2.1
   Compiling strum_macros v0.26.4
   Compiling rand_chacha v0.3.1
   Compiling argminmax v0.6.3
   Compiling rand v0.8.7
   Compiling now v0.1.3
   Compiling atoi v2.0.0
   Compiling ndarray v0.15.6
   Compiling glob v0.3.4
   Compiling home v0.5.12
   Compiling polars v0.44.2
   Compiling rand_distr v0.4.3
   Compiling recursive v0.1.1
   Compiling crossterm v0.29.0
   Compiling base64 v0.22.1
   Compiling bytemuck v1.25.2
   Compiling multiversion v0.7.4
   Compiling indexmap v2.14.0
   Compiling compact_str v0.8.2
   Compiling hashbrown v0.15.5
   Compiling hashbrown v0.14.5
/book/01-foundations/polars-basics.ipynb: Executed notebook in 241.70 seconds [mystnb]
[01mreading sources... [39;49;00m[ 36%] [35m02-regression/linear-regression[39;49;00m
/book/02-regression/linear-regression.ipynb: Executing notebook using local CWD [mystnb]
No configuration file found, use the default configuration
   Compiling autocfg v1.5.1
   Compiling libc v0.2.189
   Compiling quote v1.0.47
   Compiling zerocopy v0.8.56
   Compiling rawpointer v0.2.1
   Compiling thiserror v1.0.69
   Compiling anyhow v1.0.104
   Compiling paste v1.0.15
   Compiling linfa v0.7.1
   Compiling smallvec v1.15.2
   Compiling instant v0.1.13
   Compiling matrixmultiply v0.3.11
   Compiling approx v0.4.0
   Compiling ndarray v0.15.6
   Compiling getrandom v0.2.17
   Compiling syn v2.0.119
   Compiling rand_core v0.6.4
   Compiling rand_xoshiro v0.6.0
   Compiling sprs v0.11.1
   Compiling rand_chacha v0.3.1
   Compiling rand v0.8.7
   Compiling argmin v0.9.0
   Compiling plotters v0.3.7
/book/02-regression/linear-regression.ipynb: Executed notebook in 24.88 seconds [mystnb]
[01mreading sources... [39;49;00m[ 45%] [35m02-regression/logistic-regression[39;49;00m
/book/02-regression/logistic-regression.ipynb: Executing notebook using local CWD [mystnb]
No configuration file found, use the default configuration
   Compiling autocfg v1.5.1
   Compiling libc v0.2.189
   Compiling zerocopy v0.8.56
   Compiling quote v1.0.47
   Compiling rawpointer v0.2.1
   Compiling thiserror v1.0.69
   Compiling anyhow v1.0.104
   Compiling paste v1.0.15
   Compiling linfa v0.7.1
   Compiling hashbrown v0.12.3
   Compiling smallvec v1.15.2
   Compiling either v1.17.0
   Compiling instant v0.1.13
   Compiling itertools v0.10.5
   Compiling matrixmultiply v0.3.11
   Compiling indexmap v1.9.3
   Compiling getrandom v0.2.17
   Compiling approx v0.4.0
   Compiling noisy_float v0.2.1
   Compiling syn v2.0.119
   Compiling rand_core v0.6.4
   Compiling rand_xoshiro v0.6.0
   Compiling ndarray v0.15.6
   Compiling sprs v0.11.1
   Compiling rand_chacha v0.3.1
   Compiling rand v0.8.7
   Compiling argmin v0.9.0
/book/02-regression/logistic-regression.ipynb: Executed notebook in 28.81 seconds [mystnb]
[01mreading sources... [39;49;00m[ 55%] [35m03-clustering/dbscan[39;49;00m
/book/03-clustering/dbscan.ipynb: Executing notebook using local CWD [mystnb]
No configuration file found, use the default configuration
   Compiling autocfg v1.5.1
   Compiling libm v0.2.16
   Compiling libc v0.2.189
   Compiling zerocopy v0.8.56
   Compiling quote v1.0.47
   Compiling either v1.17.0
   Compiling rawpointer v0.2.1
   Compiling thiserror v1.0.69
   Compiling smallvec v1.15.2
   Compiling linfa v0.7.1
   Compiling hashbrown v0.12.3
   Compiling itertools v0.10.5
   Compiling space v0.12.1
   Compiling matrixmultiply v0.3.11
   Compiling indexmap v1.9.3
   Compiling getrandom v0.2.17
   Compiling syn v2.0.119
   Compiling rand_core v0.6.4
   Compiling rayon v1.12.0
   Compiling approx v0.4.0
   Compiling noisy_float v0.2.1
   Compiling rand_xoshiro v0.6.0
   Compiling ndarray v0.15.6
   Compiling rand_chacha v0.3.1
   Compiling rand v0.8.7
   Compiling rand_distr v0.4.3
   Compiling sprs v0.11.1
   Compiling kdtree v0.7.0
   Compiling plotters v0.3.7
/book/03-clustering/dbscan.ipynb: Executed notebook in 31.26 seconds [mystnb]
[01mreading sources... [39;49;00m[ 64%] [35m03-clustering/kmeans[39;49;00m
/book/03-clustering/kmeans.ipynb: Executing notebook using local CWD [mystnb]
No configuration file found, use the default configuration
   Compiling autocfg v1.5.1
   Compiling libm v0.2.16
   Compiling libc v0.2.189
   Compiling zerocopy v0.8.56
   Compiling quote v1.0.47
   Compiling either v1.17.0
   Compiling rawpointer v0.2.1
   Compiling thiserror v1.0.69
   Compiling hashbrown v0.12.3
   Compiling matrixmultiply v0.3.11
   Compiling indexmap v1.9.3
   Compiling linfa v0.7.1
   Compiling smallvec v1.15.2
   Compiling itertools v0.10.5
   Compiling space v0.12.1
   Compiling approx v0.4.0
   Compiling noisy_float v0.2.1
   Compiling getrandom v0.2.17
   Compiling rayon v1.12.0
   Compiling syn v2.0.119
   Compiling rand_core v0.6.4
   Compiling rand_xoshiro v0.6.0
   Compiling ndarray v0.15.6
   Compiling rand_chacha v0.3.1
   Compiling sprs v0.11.1
   Compiling rand v0.8.7
   Compiling rand_distr v0.4.3
   Compiling kdtree v0.7.0
   Compiling plotters v0.3.7
/book/03-clustering/kmeans.ipynb: Executed notebook in 18.72 seconds [mystnb]
[01mreading sources... [39;49;00m[ 73%] [35m04-trees/decision-trees[39;49;00m
/book/04-trees/decision-trees.ipynb: Executing notebook using local CWD [mystnb]
No configuration file found, use the default configuration
   Compiling autocfg v1.5.1
   Compiling libm v0.2.16
   Compiling libc v0.2.189
   Compiling zerocopy v0.8.56
   Compiling quote v1.0.47
   Compiling either v1.17.0
   Compiling rawpointer v0.2.1
   Compiling thiserror v1.0.69
   Compiling linfa v0.7.1
   Compiling smallvec v1.15.2
   Compiling matrixmultiply v0.3.11
   Compiling approx v0.4.0
   Compiling getrandom v0.2.17
   Compiling rayon v1.12.0
   Compiling syn v2.0.119
   Compiling rand_core v0.6.4
   Compiling ndarray v0.15.6
   Compiling rand_chacha v0.3.1
   Compiling rand v0.8.7
   Compiling rand_distr v0.4.3
   Compiling sprs v0.11.1
/book/04-trees/decision-trees.ipynb: Executed notebook in 19.09 seconds [mystnb]
[01mreading sources... [39;49;00m[ 82%] [35m05-dimensionality-reduction/pca[39;49;00m
/book/05-dimensionality-reduction/pca.ipynb: Executing notebook using local CWD [mystnb]
No configuration file found, use the default configuration
   Compiling autocfg v1.5.1
   Compiling libm v0.2.16
   Compiling libc v0.2.189
   Compiling zerocopy v0.8.56
   Compiling quote v1.0.47
   Compiling rawpointer v0.2.1
   Compiling thiserror v1.0.69
   Compiling either v1.17.0
   Compiling smallvec v1.15.2
   Compiling linfa v0.7.1
   Compiling hashbrown v0.12.3
   Compiling matrixmultiply v0.3.11
   Compiling indexmap v1.9.3
   Compiling itertools v0.10.5
   Compiling approx v0.4.0
   Compiling approx v0.3.2
   Compiling noisy_float v0.2.1
   Compiling syn v2.0.119
   Compiling rayon v1.12.0
   Compiling ndarray v0.15.6
   Compiling alga v0.9.3
   Compiling getrandom v0.2.17
   Compiling num_cpus v1.17.0
   Compiling rand_core v0.6.4
   Compiling rand_xoshiro v0.6.0
   Compiling sprs v0.11.1
   Compiling rand_chacha v0.3.1
   Compiling rand v0.8.7
   Compiling kdtree v0.7.0
   Compiling rand_distr v0.4.3
   Compiling plotters v0.3.7
/book/05-dimensionality-reduction/pca.ipynb: Executed notebook in 21.50 seconds [mystnb]
[01mreading sources... [39;49;00m[ 91%] [35mappendix/crate-reference[39;49;00m
[01mreading sources... [39;49;00m[100%] [35mintro[39;49;00m

[01mlooking for now-outdated files... [39;49;00mnone found
[01mpickling environment... [39;49;00mdone
[01mchecking consistency... [39;49;00mdone
[01mpreparing documents... [39;49;00mdone
[01mcopying assets... [39;49;00m
[01mcopying static files... [39;49;00mdone
[01mcopying extra files... [39;49;00mdone
[01mcopying assets: [39;49;00mdone
[01mwriting output... [39;49;00m[  9%] [32m00-setup/environment[39;49;00m
[01mwriting output... [39;49;00m[ 18%] [32m01-foundations/ndarray-basics[39;49;00m
[01mwriting output... [39;49;00m[ 27%] [32m01-foundations/polars-basics[39;49;00m
[01mwriting output... [39;49;00m[ 36%] [32m02-regression/linear-regression[39;49;00m
[01mwriting output... [39;49;00m[ 45%] [32m02-regression/logistic-regression[39;49;00m
[01mwriting output... [39;49;00m[ 55%] [32m03-clustering/dbscan[39;49;00m
[01mwriting output... [39;49;00m[ 64%] [32m03-clustering/kmeans[39;49;00m
[01mwriting output... [39;49;00m[ 73%] [32m04-trees/decision-trees[39;49;00m
[01mwriting output... [39;49;00m[ 82%] [32m05-dimensionality-reduction/pca[39;49;00m
[01mwriting output... [39;49;00m[ 91%] [32mappendix/crate-reference[39;49;00m
[01mwriting output... [39;49;00m[100%] [32mintro[39;49;00m

[01mgenerating indices... [39;49;00mgenindex done
[01mwriting additional pages... [39;49;00msearch done
[01mdumping search index in English (code: en)... [39;49;00mdone
[01mdumping object inventory... [39;49;00mdone
[01mbuild succeeded.[39;49;00m

The HTML pages are in ../book/_build/html.

[92m===============================================================================[0m

Finished generating HTML for book.
Your book's HTML pages are here:
    ../book/_build/html/
You can look at your book by opening this file in a browser:
    ../book/_build/html/index.html
Or paste this line directly into your browser bar:
    file:///book/_build/html/index.html            

[92m===============================================================================[0m

