 Image rust-jupyter-env:latest Building 
#1 [internal] load local bake definitions
#1 reading from stdin 656B done
#1 DONE 0.0s

#2 [internal] load build definition from Dockerfile
#2 transferring dockerfile: 5.29kB 0.0s done
#2 DONE 0.0s

#3 resolve image config for docker-image://docker.io/docker/dockerfile:1
#3 ...

#4 [auth] docker/dockerfile:pull token for registry-1.docker.io
#4 DONE 0.0s

#3 resolve image config for docker-image://docker.io/docker/dockerfile:1
#3 DONE 1.4s

#5 docker-image://docker.io/docker/dockerfile:1@sha256:87999aa3d42bdc6bea60565083ee17e86d1f3339802f543c0d03998580f9cb89
#5 resolve docker.io/docker/dockerfile:1@sha256:87999aa3d42bdc6bea60565083ee17e86d1f3339802f543c0d03998580f9cb89 0.0s done
#5 CACHED

#6 [internal] load metadata for docker.io/library/rust:1.90-slim-bookworm
#6 ...

#7 [auth] library/rust:pull token for registry-1.docker.io
#7 DONE 0.0s

#6 [internal] load metadata for docker.io/library/rust:1.90-slim-bookworm
#6 DONE 0.8s

#8 [internal] load .dockerignore
#8 transferring context: 206B done
#8 DONE 0.0s

#9 [ 1/10] FROM docker.io/library/rust:1.90-slim-bookworm@sha256:64232e656c058f4468e8d024e990acff04f0fd5a5c0a88a574dc37773d7325c9
#9 resolve docker.io/library/rust:1.90-slim-bookworm@sha256:64232e656c058f4468e8d024e990acff04f0fd5a5c0a88a574dc37773d7325c9 0.0s done
#9 DONE 0.0s

#10 [internal] load build context
#10 transferring context: 1.90kB done
#10 DONE 0.0s

#11 [ 2/10] RUN apt-get update && apt-get install -y --no-install-recommends         build-essential         cmake         pkg-config         libssl-dev         python3         python3-pip         python3-venv         pandoc         curl         ca-certificates     && rm -rf /var/lib/apt/lists/*
#11 CACHED

#12 [ 3/10] RUN if [ "false" = "true" ]; then         apt-get update && apt-get install -y --no-install-recommends             texlive-xetex             texlive-fonts-recommended             texlive-plain-generic         && rm -rf /var/lib/apt/lists/* ;     else         echo "Skipping PDF export layer (INCLUDE_PDF_EXPORT=false)";     fi
#12 CACHED

#13 [ 4/10] COPY requirements.txt /tmp/requirements.txt
#13 DONE 0.0s

#14 [ 5/10] RUN pip3 install --no-cache-dir -r /tmp/requirements.txt
#14 1.514 Collecting jupyterlab==4.2.5
#14 1.688   Downloading jupyterlab-4.2.5-py3-none-any.whl (11.6 MB)
#14 4.791      ━━━━━━━━━━━━━━━━━━━━━━━━━━━━━━━━━━━━━━━━ 11.6/11.6 MB 3.8 MB/s eta 0:00:00
#14 4.887 Collecting notebook==7.2.2
#14 4.931   Downloading notebook-7.2.2-py3-none-any.whl (5.0 MB)
#14 6.248      ━━━━━━━━━━━━━━━━━━━━━━━━━━━━━━━━━━━━━━━━ 5.0/5.0 MB 3.8 MB/s eta 0:00:00
#14 6.310 Collecting jupytext==1.16.4
#14 6.348   Downloading jupytext-1.16.4-py3-none-any.whl (153 kB)
#14 6.384      ━━━━━━━━━━━━━━━━━━━━━━━━━━━━━━━━━━━━━━━ 153.5/153.5 kB 4.5 MB/s eta 0:00:00
#14 6.442 Collecting nbconvert==7.16.4
#14 6.480   Downloading nbconvert-7.16.4-py3-none-any.whl (257 kB)
#14 6.544      ━━━━━━━━━━━━━━━━━━━━━━━━━━━━━━━━━━━━━━━ 257.4/257.4 kB 4.1 MB/s eta 0:00:00
#14 6.595 Collecting mistune==3.0.2
#14 6.638   Downloading mistune-3.0.2-py3-none-any.whl (47 kB)
#14 6.646      ━━━━━━━━━━━━━━━━━━━━━━━━━━━━━━━━━━━━━━━━ 48.0/48.0 kB 11.1 MB/s eta 0:00:00
#14 6.712 Collecting jupyter-book==1.0.3
#14 6.752   Downloading jupyter_book-1.0.3-py3-none-any.whl (44 kB)
#14 6.758      ━━━━━━━━━━━━━━━━━━━━━━━━━━━━━━━━━━━━━━━ 44.0/44.0 kB 126.4 MB/s eta 0:00:00
#14 6.818 Collecting async-lru>=1.0.0
#14 6.856   Downloading async_lru-2.3.0-py3-none-any.whl (8.4 kB)
#14 6.910 Collecting httpx>=0.25.0
#14 6.947   Downloading httpx-0.28.1-py3-none-any.whl (73 kB)
#14 6.965      ━━━━━━━━━━━━━━━━━━━━━━━━━━━━━━━━━━━━━━━━ 73.5/73.5 kB 7.1 MB/s eta 0:00:00
#14 7.039 Collecting ipykernel>=6.5.0
#14 7.075   Downloading ipykernel-7.3.0-py3-none-any.whl (120 kB)
#14 7.094      ━━━━━━━━━━━━━━━━━━━━━━━━━━━━━━━━━━━━━━━ 120.6/120.6 kB 7.0 MB/s eta 0:00:00
#14 7.140 Collecting jinja2>=3.0.3
#14 7.178   Downloading jinja2-3.1.6-py3-none-any.whl (134 kB)
#14 7.209      ━━━━━━━━━━━━━━━━━━━━━━━━━━━━━━━━━━━━━━ 134.9/134.9 kB 10.4 MB/s eta 0:00:00
#14 7.258 Collecting jupyter-core
#14 7.293   Downloading jupyter_core-5.9.1-py3-none-any.whl (29 kB)
#14 7.345 Collecting jupyter-lsp>=2.0.0
#14 7.382   Downloading jupyter_lsp-2.3.1-py3-none-any.whl (77 kB)
#14 7.392      ━━━━━━━━━━━━━━━━━━━━━━━━━━━━━━━━━━━━━━━━ 77.5/77.5 kB 9.5 MB/s eta 0:00:00
#14 7.470 Collecting jupyter-server<3,>=2.4.0
#14 7.508   Downloading jupyter_server-2.20.0-py3-none-any.whl (393 kB)
#14 7.609      ━━━━━━━━━━━━━━━━━━━━━━━━━━━━━━━━━━━━━━━ 393.1/393.1 kB 3.9 MB/s eta 0:00:00
#14 7.675 Collecting jupyterlab-server<3,>=2.27.1
#14 7.711   Downloading jupyterlab_server-2.28.0-py3-none-any.whl (59 kB)
#14 7.726      ━━━━━━━━━━━━━━━━━━━━━━━━━━━━━━━━━━━━━━━━ 59.8/59.8 kB 7.1 MB/s eta 0:00:00
#14 7.762 Collecting notebook-shim>=0.2
#14 7.797   Downloading notebook_shim-0.2.4-py3-none-any.whl (13 kB)
#14 7.872 Collecting packaging
#14 7.912   Downloading packaging-26.3-py3-none-any.whl (129 kB)
#14 7.930      ━━━━━━━━━━━━━━━━━━━━━━━━━━━━━━━━━━━━━━━ 130.0/130.0 kB 7.5 MB/s eta 0:00:00
#14 7.932 Requirement already satisfied: setuptools>=40.1.0 in /usr/lib/python3/dist-packages (from jupyterlab==4.2.5->-r /tmp/requirements.txt (line 3)) (66.1.1)
#14 8.023 Collecting tornado>=6.2.0
#14 8.062   Downloading tornado-6.5.8-cp39-abi3-manylinux1_x86_64.manylinux_2_28_x86_64.manylinux_2_5_x86_64.whl (450 kB)
#14 8.170      ━━━━━━━━━━━━━━━━━━━━━━━━━━━━━━━━━━━━━━━ 450.7/450.7 kB 4.2 MB/s eta 0:00:00
#14 8.235 Collecting traitlets
#14 8.273   Downloading traitlets-5.16.1-py3-none-any.whl (86 kB)
#14 8.282      ━━━━━━━━━━━━━━━━━━━━━━━━━━━━━━━━━━━━━━━━ 86.2/86.2 kB 13.6 MB/s eta 0:00:00
#14 8.379 Collecting markdown-it-py>=1.0
#14 8.417   Downloading markdown_it_py-4.2.0-py3-none-any.whl (91 kB)
#14 8.432      ━━━━━━━━━━━━━━━━━━━━━━━━━━━━━━━━━━━━━━━━ 91.7/91.7 kB 7.0 MB/s eta 0:00:00
#14 8.468 Collecting mdit-py-plugins
#14 8.508   Downloading mdit_py_plugins-0.6.1-py3-none-any.whl (66 kB)
#14 8.523      ━━━━━━━━━━━━━━━━━━━━━━━━━━━━━━━━━━━━━━━━ 66.7/66.7 kB 5.7 MB/s eta 0:00:00
#14 8.568 Collecting nbformat
#14 8.604   Downloading nbformat-5.11.0-py3-none-any.whl (79 kB)
#14 8.615      ━━━━━━━━━━━━━━━━━━━━━━━━━━━━━━━━━━━━━━━━ 79.8/79.8 kB 16.1 MB/s eta 0:00:00
#14 8.700 Collecting pyyaml
#14 8.737   Downloading pyyaml-6.0.3-cp311-cp311-manylinux2014_x86_64.manylinux_2_17_x86_64.manylinux_2_28_x86_64.whl (806 kB)
#14 8.946      ━━━━━━━━━━━━━━━━━━━━━━━━━━━━━━━━━━━━━━━ 806.6/806.6 kB 3.9 MB/s eta 0:00:00
#14 9.014 Collecting beautifulsoup4
#14 9.055   Downloading beautifulsoup4-4.15.0-py3-none-any.whl (109 kB)
#14 9.088      ━━━━━━━━━━━━━━━━━━━━━━━━━━━━━━━━━━━━━━━ 109.9/109.9 kB 8.5 MB/s eta 0:00:00
#14 9.143 Collecting bleach!=5.0.0
#14 9.182   Downloading bleach-6.4.0-py3-none-any.whl (165 kB)
#14 9.226      ━━━━━━━━━━━━━━━━━━━━━━━━━━━━━━━━━━━━━━━ 165.1/165.1 kB 4.0 MB/s eta 0:00:00
#14 9.270 Collecting defusedxml
#14 9.308   Downloading defusedxml-0.7.1-py2.py3-none-any.whl (25 kB)
#14 9.364 Collecting jupyterlab-pygments
#14 9.407   Downloading jupyterlab_pygments-0.3.0-py3-none-any.whl (15 kB)
#14 9.554 Collecting markupsafe>=2.0
#14 9.597   Downloading markupsafe-3.0.3-cp311-cp311-manylinux2014_x86_64.manylinux_2_17_x86_64.manylinux_2_28_x86_64.whl (22 kB)
#14 9.663 Collecting nbclient>=0.5.0
#14 9.706   Downloading nbclient-0.11.0-py3-none-any.whl (25 kB)
#14 9.770 Collecting pandocfilters>=1.4.1
#14 9.811   Downloading pandocfilters-1.5.1-py2.py3-none-any.whl (8.7 kB)
#14 9.861 Collecting pygments>=2.4.1
#14 9.899   Downloading pygments-2.20.0-py3-none-any.whl (1.2 MB)
#14 10.22      ━━━━━━━━━━━━━━━━━━━━━━━━━━━━━━━━━━━━━━━━ 1.2/1.2 MB 3.8 MB/s eta 0:00:00
#14 10.27 Collecting tinycss2
#14 10.31   Downloading tinycss2-1.5.1-py3-none-any.whl (28 kB)
#14 10.42 Collecting click<9,>=7.1
#14 10.46   Downloading click-8.4.2-py3-none-any.whl (119 kB)
#14 10.47      ━━━━━━━━━━━━━━━━━━━━━━━━━━━━━━━━━━━━━━━ 119.2/119.2 kB 8.4 MB/s eta 0:00:00
#14 10.55 Collecting jsonschema<5
#14 10.60   Downloading jsonschema-4.26.0-py3-none-any.whl (90 kB)
#14 10.61      ━━━━━━━━━━━━━━━━━━━━━━━━━━━━━━━━━━━━━━━━ 90.6/90.6 kB 9.5 MB/s eta 0:00:00
#14 10.65 Collecting linkify-it-py<3,>=2
#14 10.69   Downloading linkify_it_py-2.1.0-py3-none-any.whl (19 kB)
#14 10.78 Collecting myst-nb<3,>=1
#14 10.82   Downloading myst_nb-1.4.0-py3-none-any.whl (82 kB)
#14 10.83      ━━━━━━━━━━━━━━━━━━━━━━━━━━━━━━━━━━━━━━━━ 82.6/82.6 kB 7.3 MB/s eta 0:00:00
#14 10.89 Collecting myst-parser<3,>=1
#14 10.93   Downloading myst_parser-2.0.0-py3-none-any.whl (77 kB)
#14 10.94      ━━━━━━━━━━━━━━━━━━━━━━━━━━━━━━━━━━━━━━━━ 77.2/77.2 kB 8.7 MB/s eta 0:00:00
#14 11.05 Collecting sphinx<8,>=5
#14 11.10   Downloading sphinx-7.4.7-py3-none-any.whl (3.4 MB)
#14 12.00      ━━━━━━━━━━━━━━━━━━━━━━━━━━━━━━━━━━━━━━━━ 3.4/3.4 MB 3.8 MB/s eta 0:00:00
#14 12.04 Collecting sphinx-comments
#14 12.08   Downloading sphinx_comments-0.0.3-py3-none-any.whl (4.6 kB)
#14 12.13 Collecting sphinx-copybutton
#14 12.17   Downloading sphinx_copybutton-0.5.2-py3-none-any.whl (13 kB)
#14 12.21 Collecting sphinx-external-toc<2,>=1.0.1
#14 12.25   Downloading sphinx_external_toc-1.1.0-py3-none-any.whl (30 kB)
#14 12.29 Collecting sphinx-jupyterbook-latex<2,>=1
#14 12.33   Downloading sphinx_jupyterbook_latex-1.0.0-py3-none-any.whl (13 kB)
#14 12.38 Collecting sphinx-design<1,>=0.5
#14 12.42   Downloading sphinx_design-0.7.0-py3-none-any.whl (2.2 MB)
#14 13.00      ━━━━━━━━━━━━━━━━━━━━━━━━━━━━━━━━━━━━━━━━ 2.2/2.2 MB 3.9 MB/s eta 0:00:00
#14 13.04 Collecting sphinx-thebe<1,>=0.3.1
#14 13.08   Downloading sphinx_thebe-0.3.1-py3-none-any.whl (9.0 kB)
#14 13.14 Collecting sphinx-book-theme<2,>=1.1.0
#14 13.18   Downloading sphinx_book_theme-1.4.0-py3-none-any.whl (458 kB)
#14 13.29      ━━━━━━━━━━━━━━━━━━━━━━━━━━━━━━━━━━━━━━━ 458.9/458.9 kB 4.2 MB/s eta 0:00:00
#14 13.33 Collecting sphinx_togglebutton
#14 13.37   Downloading sphinx_togglebutton-0.4.5-py3-none-any.whl (44 kB)
#14 13.38      ━━━━━━━━━━━━━━━━━━━━━━━━━━━━━━━━━━━━━━━━ 44.9/44.9 kB 5.6 MB/s eta 0:00:00
#14 13.43 Collecting sphinxcontrib-bibtex<3,>=2.5.0
#14 13.47   Downloading sphinxcontrib_bibtex-2.7.0-py3-none-any.whl (40 kB)
#14 13.48      ━━━━━━━━━━━━━━━━━━━━━━━━━━━━━━━━━━━━━━━━ 40.3/40.3 kB 4.5 MB/s eta 0:00:00
#14 13.52 Collecting sphinx-multitoc-numbering<1,>=0.1.3
#14 13.56   Downloading sphinx_multitoc_numbering-0.1.3-py3-none-any.whl (4.6 kB)
#14 13.60 Collecting webencodings
#14 13.64   Downloading webencodings-0.5.1-py2.py3-none-any.whl (11 kB)
#14 13.71 Collecting anyio
#14 13.75   Downloading anyio-4.14.2-py3-none-any.whl (125 kB)
#14 13.77      ━━━━━━━━━━━━━━━━━━━━━━━━━━━━━━━━━━━━━ 125.8/125.8 kB 161.7 MB/s eta 0:00:00
#14 13.82 Collecting certifi
#14 13.86   Downloading certifi-2026.7.22-py3-none-any.whl (136 kB)
#14 13.89      ━━━━━━━━━━━━━━━━━━━━━━━━━━━━━━━━━━━━━━━ 137.0/137.0 kB 4.5 MB/s eta 0:00:00
#14 13.95 Collecting httpcore==1.*
#14 13.99   Downloading httpcore-1.0.9-py3-none-any.whl (78 kB)
#14 14.00      ━━━━━━━━━━━━━━━━━━━━━━━━━━━━━━━━━━━━━━━━ 78.8/78.8 kB 10.4 MB/s eta 0:00:00
#14 14.05 Collecting idna
#14 14.08   Downloading idna-3.18-py3-none-any.whl (65 kB)
#14 14.09      ━━━━━━━━━━━━━━━━━━━━━━━━━━━━━━━━━━━━━━━━ 65.5/65.5 kB 8.0 MB/s eta 0:00:00
#14 14.15 Collecting h11>=0.16
#14 14.20   Downloading h11-0.16.0-py3-none-any.whl (37 kB)
#14 14.25 Collecting comm>=0.1.1
#14 14.29   Downloading comm-0.2.3-py3-none-any.whl (7.3 kB)
#14 14.53 Collecting debugpy>=1.6.5
#14 14.57   Downloading debugpy-1.8.21-cp311-cp311-manylinux_2_34_x86_64.whl (3.1 MB)
#14 15.37      ━━━━━━━━━━━━━━━━━━━━━━━━━━━━━━━━━━━━━━━━ 3.1/3.1 MB 3.8 MB/s eta 0:00:00
#14 15.46 Collecting ipython>=7.23.1
#14 15.50   Downloading ipython-9.16.1-py3-none-any.whl (625 kB)
#14 15.65      ━━━━━━━━━━━━━━━━━━━━━━━━━━━━━━━━━━━━━━━ 626.0/626.0 kB 5.1 MB/s eta 0:00:00
#14 15.71 Collecting jupyter-client>=8.9.0
#14 15.75   Downloading jupyter_client-8.9.1-py3-none-any.whl (109 kB)
#14 15.77      ━━━━━━━━━━━━━━━━━━━━━━━━━━━━━━━━━━━━━━━ 109.8/109.8 kB 6.6 MB/s eta 0:00:00
#14 15.82 Collecting matplotlib-inline>=0.1
#14 15.86   Downloading matplotlib_inline-0.2.2-py3-none-any.whl (9.5 kB)
#14 15.91 Collecting nest-asyncio2>=1.7.0
#14 15.95   Downloading nest_asyncio2-1.7.2-py3-none-any.whl (7.8 kB)
#14 16.18 Collecting psutil>=5.7
#14 16.23   Downloading psutil-7.2.2-cp36-abi3-manylinux2010_x86_64.manylinux_2_12_x86_64.manylinux_2_28_x86_64.whl (155 kB)
#14 16.28      ━━━━━━━━━━━━━━━━━━━━━━━━━━━━━━━━━━━━━━━ 155.6/155.6 kB 3.2 MB/s eta 0:00:00
#14 16.70 Collecting pyzmq>=25
#14 16.74   Downloading pyzmq-27.1.0-cp311-cp311-manylinux_2_26_x86_64.manylinux_2_28_x86_64.whl (857 kB)
#14 16.97      ━━━━━━━━━━━━━━━━━━━━━━━━━━━━━━━━━━━━━━━ 857.0/857.0 kB 3.8 MB/s eta 0:00:00
#14 17.03 Collecting attrs>=22.2.0
#14 17.07   Downloading attrs-26.1.0-py3-none-any.whl (67 kB)
#14 17.08      ━━━━━━━━━━━━━━━━━━━━━━━━━━━━━━━━━━━━━━━━ 67.5/67.5 kB 7.2 MB/s eta 0:00:00
#14 17.13 Collecting jsonschema-specifications>=2023.03.6
#14 17.17   Downloading jsonschema_specifications-2025.9.1-py3-none-any.whl (18 kB)
#14 17.26 Collecting referencing>=0.28.4
#14 17.30   Downloading referencing-0.37.0-py3-none-any.whl (26 kB)
#14 17.84 Collecting rpds-py>=0.25.0
#14 17.88   Downloading rpds_py-2026.6.3-cp311-cp311-manylinux_2_17_x86_64.manylinux2014_x86_64.whl (371 kB)
#14 17.99      ━━━━━━━━━━━━━━━━━━━━━━━━━━━━━━━━━━━━━━━ 371.3/371.3 kB 3.6 MB/s eta 0:00:00
#14 18.04 Collecting platformdirs>=2.5
#14 18.08   Downloading platformdirs-4.11.1-py3-none-any.whl (23 kB)
#14 18.17 Collecting argon2-cffi>=21.1
#14 18.21   Downloading argon2_cffi-25.1.0-py3-none-any.whl (14 kB)
#14 18.25 Collecting jupyter-events>=0.11.0
#14 18.29   Downloading jupyter_events-0.12.1-py3-none-any.whl (19 kB)
#14 18.37 Collecting jupyter-server-terminals>=0.4.4
#14 18.40   Downloading jupyter_server_terminals-0.5.4-py3-none-any.whl (13 kB)
#14 18.50 Collecting overrides>=5.0
#14 18.54   Downloading overrides-7.7.0-py3-none-any.whl (17 kB)
#14 18.59 Collecting prometheus-client>=0.9
#14 18.63   Downloading prometheus_client-0.26.0-py3-none-any.whl (64 kB)
#14 18.64      ━━━━━━━━━━━━━━━━━━━━━━━━━━━━━━━━━━━━━━━━ 64.5/64.5 kB 5.6 MB/s eta 0:00:00
#14 18.69 Collecting send2trash>=1.8.2
#14 18.73   Downloading send2trash-2.1.0-py3-none-any.whl (17 kB)
#14 18.77 Collecting terminado>=0.8.3
#14 18.81   Downloading terminado-0.18.1-py3-none-any.whl (14 kB)
#14 18.85 Collecting websocket-client>=1.7
#14 18.89   Downloading websocket_client-1.9.0-py3-none-any.whl (82 kB)
#14 18.90      ━━━━━━━━━━━━━━━━━━━━━━━━━━━━━━━━━━━━━━━━ 82.6/82.6 kB 7.8 MB/s eta 0:00:00
#14 18.96 Collecting babel>=2.10
#14 19.00   Downloading babel-2.18.0-py3-none-any.whl (10.2 MB)
#14 21.68      ━━━━━━━━━━━━━━━━━━━━━━━━━━━━━━━━━━━━━━━━ 10.2/10.2 MB 3.8 MB/s eta 0:00:00
#14 21.73 Collecting json5>=0.9.0
#14 21.77   Downloading json5-0.15.0-py3-none-any.whl (36 kB)
#14 21.84 Collecting requests>=2.31
#14 21.88   Downloading requests-2.34.2-py3-none-any.whl (73 kB)
#14 21.90      ━━━━━━━━━━━━━━━━━━━━━━━━━━━━━━━━━━━━━━━━ 73.1/73.1 kB 7.7 MB/s eta 0:00:00
#14 21.94 Collecting uc-micro-py
#14 21.98   Downloading uc_micro_py-2.0.0-py3-none-any.whl (6.4 kB)
#14 22.03 Collecting mdurl~=0.1
#14 22.07   Downloading mdurl-0.1.2-py3-none-any.whl (10.0 kB)
#14 22.16 Collecting importlib_metadata
#14 22.20   Downloading importlib_metadata-9.0.0-py3-none-any.whl (27 kB)
#14 22.24 Collecting jupyter-cache>=0.5
#14 22.28   Downloading jupyter_cache-1.0.1-py3-none-any.whl (33 kB)
#14 22.35 Collecting typing-extensions
#14 22.39   Downloading typing_extensions-4.16.0-py3-none-any.whl (45 kB)
#14 22.40      ━━━━━━━━━━━━━━━━━━━━━━━━━━━━━━━━━━━━━━━━ 45.6/45.6 kB 7.9 MB/s eta 0:00:00
#14 22.54 Collecting docutils<0.21,>=0.16
#14 22.58   Downloading docutils-0.20.1-py3-none-any.whl (572 kB)
#14 22.73      ━━━━━━━━━━━━━━━━━━━━━━━━━━━━━━━━━━━━━━━ 572.7/572.7 kB 4.0 MB/s eta 0:00:00
#14 22.74 Collecting markdown-it-py>=1.0
#14 22.78   Downloading markdown_it_py-3.0.0-py3-none-any.whl (87 kB)
#14 22.79      ━━━━━━━━━━━━━━━━━━━━━━━━━━━━━━━━━━━━━━━━ 87.5/87.5 kB 11.6 MB/s eta 0:00:00
#14 22.91 Collecting fastjsonschema>=2.15
#14 22.94   Downloading fastjsonschema-2.22.1-py3-none-any.whl (26 kB)
#14 23.03 Collecting sphinxcontrib-applehelp
#14 23.10   Downloading sphinxcontrib_applehelp-2.0.0-py3-none-any.whl (119 kB)
#14 23.11      ━━━━━━━━━━━━━━━━━━━━━━━━━━━━━━━━━━━━━━━ 119.3/119.3 kB 8.3 MB/s eta 0:00:00
#14 23.15 Collecting sphinxcontrib-devhelp
#14 23.19   Downloading sphinxcontrib_devhelp-2.0.0-py3-none-any.whl (82 kB)
#14 23.22      ━━━━━━━━━━━━━━━━━━━━━━━━━━━━━━━━━━━━━━━━ 82.5/82.5 kB 3.6 MB/s eta 0:00:00
#14 23.25 Collecting sphinxcontrib-jsmath
#14 23.29   Downloading sphinxcontrib_jsmath-1.0.1-py2.py3-none-any.whl (5.1 kB)
#14 23.34 Collecting sphinxcontrib-htmlhelp>=2.0.0
#14 23.39   Downloading sphinxcontrib_htmlhelp-2.1.0-py3-none-any.whl (98 kB)
#14 23.41      ━━━━━━━━━━━━━━━━━━━━━━━━━━━━━━━━━━━━━━━━ 98.7/98.7 kB 9.8 MB/s eta 0:00:00
#14 23.47 Collecting sphinxcontrib-serializinghtml>=1.1.9
#14 23.51   Downloading sphinxcontrib_serializinghtml-2.0.0-py3-none-any.whl (92 kB)
#14 23.52      ━━━━━━━━━━━━━━━━━━━━━━━━━━━━━━━━━━━━━━━━ 92.1/92.1 kB 6.8 MB/s eta 0:00:00
#14 23.56 Collecting sphinxcontrib-qthelp
#14 23.60   Downloading sphinxcontrib_qthelp-2.0.0-py3-none-any.whl (88 kB)
#14 23.62      ━━━━━━━━━━━━━━━━━━━━━━━━━━━━━━━━━━━━━━━━ 88.7/88.7 kB 9.7 MB/s eta 0:00:00
#14 23.67 Collecting snowballstemmer>=2.2
#14 23.70   Downloading snowballstemmer-3.1.1-py3-none-any.whl (104 kB)
#14 23.72      ━━━━━━━━━━━━━━━━━━━━━━━━━━━━━━━━━━━━━━━ 104.2/104.2 kB 9.0 MB/s eta 0:00:00
#14 23.77 Collecting alabaster~=0.7.14
#14 23.81   Downloading alabaster-0.7.16-py3-none-any.whl (13 kB)
#14 23.86 Collecting imagesize>=1.3
#14 23.90   Downloading imagesize-2.0.0-py2.py3-none-any.whl (9.4 kB)
#14 23.94 Collecting sphinx-book-theme<2,>=1.1.0
#14 23.98   Downloading sphinx_book_theme-1.3.0-py3-none-any.whl (461 kB)
#14 24.09      ━━━━━━━━━━━━━━━━━━━━━━━━━━━━━━━━━━━━━━━ 461.2/461.2 kB 3.9 MB/s eta 0:00:00
#14 24.17 Collecting pydata-sphinx-theme==0.17.1
#14 24.21   Downloading pydata_sphinx_theme-0.17.1-py3-none-any.whl (6.8 MB)
#14 26.00      ━━━━━━━━━━━━━━━━━━━━━━━━━━━━━━━━━━━━━━━━ 6.8/6.8 MB 3.8 MB/s eta 0:00:00
#14 26.07 Collecting accessible-pygments
#14 26.11   Downloading accessible_pygments-0.0.5-py3-none-any.whl (1.4 MB)
#14 26.48      ━━━━━━━━━━━━━━━━━━━━━━━━━━━━━━━━━━━━━━━━ 1.4/1.4 MB 3.9 MB/s eta 0:00:00
#14 26.61 Collecting pybtex>=0.25
#14 26.65   Downloading pybtex-0.26.1-py3-none-any.whl (126 kB)
#14 26.68      ━━━━━━━━━━━━━━━━━━━━━━━━━━━━━━━━━━━━━━━ 126.1/126.1 kB 8.6 MB/s eta 0:00:00
#14 26.73 Collecting pybtex-docutils>=1.0.2
#14 26.76   Downloading pybtex_docutils-1.0.3-py3-none-any.whl (6.4 kB)
#14 26.83 Collecting soupsieve>=1.6.1
#14 26.87   Downloading soupsieve-2.9.2-py3-none-any.whl (37 kB)
#14 26.92 Requirement already satisfied: wheel in /usr/lib/python3/dist-packages (from sphinx_togglebutton->jupyter-book==1.0.3->-r /tmp/requirements.txt (line 13)) (0.38.4)
#14 26.99 Collecting argon2-cffi-bindings
#14 27.04   Downloading argon2_cffi_bindings-25.1.0-cp39-abi3-manylinux_2_26_x86_64.manylinux_2_28_x86_64.whl (87 kB)
#14 27.05      ━━━━━━━━━━━━━━━━━━━━━━━━━━━━━━━━━━━━━━━━ 87.1/87.1 kB 8.6 MB/s eta 0:00:00
#14 27.15 Collecting ipython-pygments-lexers>=1.0.0
#14 27.19   Downloading ipython_pygments_lexers-1.1.1-py3-none-any.whl (8.1 kB)
#14 27.26 Collecting jedi>=0.18.2
#14 27.30   Downloading jedi-0.20.0-py2.py3-none-any.whl (4.9 MB)
#14 28.57      ━━━━━━━━━━━━━━━━━━━━━━━━━━━━━━━━━━━━━━━━ 4.9/4.9 MB 4.0 MB/s eta 0:00:00
#14 28.63 Collecting pexpect>4.6
#14 28.67   Downloading pexpect-4.9.0-py2.py3-none-any.whl (63 kB)
#14 28.68      ━━━━━━━━━━━━━━━━━━━━━━━━━━━━━━━━━━━━━━━━ 63.8/63.8 kB 11.6 MB/s eta 0:00:00
#14 28.74 Collecting prompt_toolkit<3.1.0,>=3.0.41
#14 28.78   Downloading prompt_toolkit-3.0.53-py3-none-any.whl (392 kB)
#14 28.88      ━━━━━━━━━━━━━━━━━━━━━━━━━━━━━━━━━━━━━━━ 392.3/392.3 kB 3.8 MB/s eta 0:00:00
#14 28.92 Collecting stack_data>=0.6.0
#14 28.96   Downloading stack_data-0.6.3-py3-none-any.whl (24 kB)
#14 29.60 Collecting sqlalchemy<3,>=1.3.12
#14 29.64   Downloading sqlalchemy-2.0.51-cp311-cp311-manylinux2014_x86_64.manylinux_2_17_x86_64.manylinux_2_28_x86_64.whl (3.3 MB)
#14 30.52      ━━━━━━━━━━━━━━━━━━━━━━━━━━━━━━━━━━━━━━━━ 3.3/3.3 MB 3.8 MB/s eta 0:00:00
#14 30.56 Collecting tabulate
#14 30.60   Downloading tabulate-0.10.0-py3-none-any.whl (39 kB)
#14 30.66 Collecting python-dateutil>=2.8.2
#14 30.70   Downloading python_dateutil-2.9.0.post0-py2.py3-none-any.whl (229 kB)
#14 30.75      ━━━━━━━━━━━━━━━━━━━━━━━━━━━━━━━━━━━━━━━ 229.9/229.9 kB 5.0 MB/s eta 0:00:00
#14 30.82 Collecting python-json-logger>=2.0.4
#14 30.86   Downloading python_json_logger-4.1.0-py3-none-any.whl (15 kB)
#14 30.91 Collecting rfc3339-validator
#14 30.95   Downloading rfc3339_validator-0.1.4-py2.py3-none-any.whl (3.5 kB)
#14 30.99 Collecting rfc3986-validator>=0.1.1
#14 31.03   Downloading rfc3986_validator-0.1.1-py2.py3-none-any.whl (4.2 kB)
#14 31.14 Collecting latexcodec>=1.0.4
#14 31.18   Downloading latexcodec-3.0.1-py3-none-any.whl (18 kB)
#14 31.42 Collecting charset_normalizer<4,>=2
#14 31.46   Downloading charset_normalizer-3.4.9-cp311-cp311-manylinux2014_x86_64.manylinux_2_17_x86_64.manylinux_2_28_x86_64.whl (221 kB)
#14 31.53      ━━━━━━━━━━━━━━━━━━━━━━━━━━━━━━━━━━━━━━━ 221.3/221.3 kB 4.1 MB/s eta 0:00:00
#14 31.60 Collecting urllib3<3,>=1.26
#14 31.63   Downloading urllib3-2.7.0-py3-none-any.whl (131 kB)
#14 31.67      ━━━━━━━━━━━━━━━━━━━━━━━━━━━━━━━━━━━━━━━ 131.1/131.1 kB 3.9 MB/s eta 0:00:00
#14 31.76 Collecting ptyprocess
#14 31.79   Downloading ptyprocess-0.7.0-py2.py3-none-any.whl (13 kB)
#14 31.90 Collecting zipp>=3.20
#14 31.93   Downloading zipp-4.1.0-py3-none-any.whl (10 kB)
#14 32.06 Collecting parso<0.9.0,>=0.8.6
#14 32.09   Downloading parso-0.8.7-py2.py3-none-any.whl (107 kB)
#14 32.12      ━━━━━━━━━━━━━━━━━━━━━━━━━━━━━━━━━━━━━━━ 107.0/107.0 kB 5.0 MB/s eta 0:00:00
#14 32.18 Collecting fqdn
#14 32.21   Downloading fqdn-1.5.1-py3-none-any.whl (9.1 kB)
#14 32.25 Collecting isoduration
#14 32.28   Downloading isoduration-20.11.0-py3-none-any.whl (11 kB)
#14 32.33 Collecting jsonpointer>1.13
#14 32.36   Downloading jsonpointer-3.1.1-py3-none-any.whl (7.7 kB)
#14 32.40 Collecting rfc3987-syntax>=1.1.0
#14 32.44   Downloading rfc3987_syntax-1.1.0-py3-none-any.whl (8.0 kB)
#14 32.48 Collecting uri-template
#14 32.52   Downloading uri_template-1.3.0-py3-none-any.whl (11 kB)
#14 32.56 Collecting webcolors>=24.6.0
#14 32.59   Downloading webcolors-25.10.0-py3-none-any.whl (14 kB)
#14 32.68 Collecting wcwidth>=0.1.4
#14 32.71   Downloading wcwidth-0.8.2-py3-none-any.whl (323 kB)
#14 32.79      ━━━━━━━━━━━━━━━━━━━━━━━━━━━━━━━━━━━━━━━ 323.2/323.2 kB 4.3 MB/s eta 0:00:00
#14 32.84 Collecting six>=1.5
#14 32.88   Downloading six-1.17.0-py2.py3-none-any.whl (11 kB)
#14 33.20 Collecting greenlet>=1
#14 33.26   Downloading greenlet-3.5.4-cp311-cp311-manylinux_2_24_x86_64.manylinux_2_28_x86_64.whl (624 kB)
#14 33.43      ━━━━━━━━━━━━━━━━━━━━━━━━━━━━━━━━━━━━━━━ 624.7/624.7 kB 3.7 MB/s eta 0:00:00
#14 33.49 Collecting executing>=1.2.0
#14 33.53   Downloading executing-2.2.1-py2.py3-none-any.whl (28 kB)
#14 33.57 Collecting asttokens>=2.1.0
#14 33.61   Downloading asttokens-3.0.2-py3-none-any.whl (28 kB)
#14 33.67 Collecting pure-eval
#14 33.71   Downloading pure_eval-0.2.3-py3-none-any.whl (11 kB)
#14 33.97 Collecting cffi>=1.0.1
#14 34.00   Downloading cffi-2.1.1-cp311-cp311-manylinux2014_x86_64.manylinux_2_17_x86_64.whl (217 kB)
#14 34.05      ━━━━━━━━━━━━━━━━━━━━━━━━━━━━━━━━━━━━━━━ 217.8/217.8 kB 4.5 MB/s eta 0:00:00
#14 34.12 Collecting pycparser
#14 34.16   Downloading pycparser-3.0-py3-none-any.whl (48 kB)
#14 34.17      ━━━━━━━━━━━━━━━━━━━━━━━━━━━━━━━━━━━━━━━━ 48.2/48.2 kB 7.9 MB/s eta 0:00:00
#14 34.26 Collecting lark>=1.2.2
#14 34.29   Downloading lark-1.3.1-py3-none-any.whl (113 kB)
#14 34.31      ━━━━━━━━━━━━━━━━━━━━━━━━━━━━━━━━━━━━━━ 113.2/113.2 kB 10.1 MB/s eta 0:00:00
#14 34.49 Collecting arrow>=0.15.0
#14 34.53   Downloading arrow-1.4.0-py3-none-any.whl (68 kB)
#14 34.54      ━━━━━━━━━━━━━━━━━━━━━━━━━━━━━━━━━━━━━━━━ 68.8/68.8 kB 5.1 MB/s eta 0:00:00
#14 34.63 Collecting tzdata
#14 34.67   Downloading tzdata-2026.3-py2.py3-none-any.whl (348 kB)
#14 34.75      ━━━━━━━━━━━━━━━━━━━━━━━━━━━━━━━━━━━━━━━ 348.2/348.2 kB 4.2 MB/s eta 0:00:00
#14 35.47 Installing collected packages: webencodings, pure-eval, ptyprocess, zipp, websocket-client, webcolors, wcwidth, urllib3, uri-template, uc-micro-py, tzdata, typing-extensions, traitlets, tornado, tinycss2, tabulate, sphinxcontrib-serializinghtml, sphinxcontrib-qthelp, sphinxcontrib-jsmath, sphinxcontrib-htmlhelp, sphinxcontrib-devhelp, sphinxcontrib-applehelp, soupsieve, snowballstemmer, six, send2trash, rpds-py, rfc3986-validator, pyzmq, pyyaml, python-json-logger, pygments, pycparser, psutil, prometheus-client, platformdirs, pexpect, parso, pandocfilters, packaging, overrides, nest-asyncio2, mistune, mdurl, markupsafe, latexcodec, lark, jupyterlab-pygments, jsonpointer, json5, imagesize, idna, h11, greenlet, fqdn, fastjsonschema, executing, docutils, defusedxml, debugpy, comm, click, charset_normalizer, certifi, bleach, babel, attrs, async-lru, asttokens, alabaster, terminado, stack_data, sqlalchemy, rfc3987-syntax, rfc3339-validator, requests, referencing, python-dateutil, pybtex, prompt_toolkit, matplotlib-inline, markdown-it-py, linkify-it-py, jupyter-core, jinja2, jedi, ipython-pygments-lexers, importlib_metadata, httpcore, cffi, beautifulsoup4, anyio, accessible-pygments, sphinx, pybtex-docutils, mdit-py-plugins, jupyter-server-terminals, jupyter-client, jsonschema-specifications, ipython, httpx, arrow, argon2-cffi-bindings, sphinxcontrib-bibtex, sphinx_togglebutton, sphinx-thebe, sphinx-multitoc-numbering, sphinx-jupyterbook-latex, sphinx-design, sphinx-copybutton, sphinx-comments, pydata-sphinx-theme, myst-parser, jsonschema, isoduration, ipykernel, argon2-cffi, sphinx-external-toc, sphinx-book-theme, nbformat, nbclient, jupytext, jupyter-events, nbconvert, jupyter-cache, myst-nb, jupyter-server, notebook-shim, jupyterlab-server, jupyter-lsp, jupyter-book, jupyterlab, notebook
#14 47.68 Successfully installed accessible-pygments-0.0.5 alabaster-0.7.16 anyio-4.14.2 argon2-cffi-25.1.0 argon2-cffi-bindings-25.1.0 arrow-1.4.0 asttokens-3.0.2 async-lru-2.3.0 attrs-26.1.0 babel-2.18.0 beautifulsoup4-4.15.0 bleach-6.4.0 certifi-2026.7.22 cffi-2.1.1 charset_normalizer-3.4.9 click-8.4.2 comm-0.2.3 debugpy-1.8.21 defusedxml-0.7.1 docutils-0.20.1 executing-2.2.1 fastjsonschema-2.22.1 fqdn-1.5.1 greenlet-3.5.4 h11-0.16.0 httpcore-1.0.9 httpx-0.28.1 idna-3.18 imagesize-2.0.0 importlib_metadata-9.0.0 ipykernel-7.3.0 ipython-9.16.1 ipython-pygments-lexers-1.1.1 isoduration-20.11.0 jedi-0.20.0 jinja2-3.1.6 json5-0.15.0 jsonpointer-3.1.1 jsonschema-4.26.0 jsonschema-specifications-2025.9.1 jupyter-book-1.0.3 jupyter-cache-1.0.1 jupyter-client-8.9.1 jupyter-core-5.9.1 jupyter-events-0.12.1 jupyter-lsp-2.3.1 jupyter-server-2.20.0 jupyter-server-terminals-0.5.4 jupyterlab-4.2.5 jupyterlab-pygments-0.3.0 jupyterlab-server-2.28.0 jupytext-1.16.4 lark-1.3.1 latexcodec-3.0.1 linkify-it-py-2.1.0 markdown-it-py-3.0.0 markupsafe-3.0.3 matplotlib-inline-0.2.2 mdit-py-plugins-0.6.1 mdurl-0.1.2 mistune-3.0.2 myst-nb-1.4.0 myst-parser-2.0.0 nbclient-0.11.0 nbconvert-7.16.4 nbformat-5.11.0 nest-asyncio2-1.7.2 notebook-7.2.2 notebook-shim-0.2.4 overrides-7.7.0 packaging-26.3 pandocfilters-1.5.1 parso-0.8.7 pexpect-4.9.0 platformdirs-4.11.1 prometheus-client-0.26.0 prompt_toolkit-3.0.53 psutil-7.2.2 ptyprocess-0.7.0 pure-eval-0.2.3 pybtex-0.26.1 pybtex-docutils-1.0.3 pycparser-3.0 pydata-sphinx-theme-0.17.1 pygments-2.20.0 python-dateutil-2.9.0.post0 python-json-logger-4.1.0 pyyaml-6.0.3 pyzmq-27.1.0 referencing-0.37.0 requests-2.34.2 rfc3339-validator-0.1.4 rfc3986-validator-0.1.1 rfc3987-syntax-1.1.0 rpds-py-2026.6.3 send2trash-2.1.0 six-1.17.0 snowballstemmer-3.1.1 soupsieve-2.9.2 sphinx-7.4.7 sphinx-book-theme-1.3.0 sphinx-comments-0.0.3 sphinx-copybutton-0.5.2 sphinx-design-0.7.0 sphinx-external-toc-1.1.0 sphinx-jupyterbook-latex-1.0.0 sphinx-multitoc-numbering-0.1.3 sphinx-thebe-0.3.1 sphinx_togglebutton-0.4.5 sphinxcontrib-applehelp-2.0.0 sphinxcontrib-bibtex-2.7.0 sphinxcontrib-devhelp-2.0.0 sphinxcontrib-htmlhelp-2.1.0 sphinxcontrib-jsmath-1.0.1 sphinxcontrib-qthelp-2.0.0 sphinxcontrib-serializinghtml-2.0.0 sqlalchemy-2.0.51 stack_data-0.6.3 tabulate-0.10.0 terminado-0.18.1 tinycss2-1.5.1 tornado-6.5.8 traitlets-5.16.1 typing-extensions-4.16.0 tzdata-2026.3 uc-micro-py-2.0.0 uri-template-1.3.0 urllib3-2.7.0 wcwidth-0.8.2 webcolors-25.10.0 webencodings-0.5.1 websocket-client-1.9.0 zipp-4.1.0
#14 47.68 WARNING: Running pip as the 'root' user can result in broken permissions and conflicting behaviour with the system package manager. It is recommended to use a virtual environment instead: https://pip.pypa.io/warnings/venv
#14 DONE 48.5s

#15 [ 6/10] RUN cargo install evcxr_jupyter --version 0.21.1 --locked     && cargo install evcxr_repl   --version 0.21.1 --locked     && evcxr_jupyter --install
#15 0.338     Updating crates.io index
#15 1.150  Downloading crates ...
#15 1.337   Downloaded evcxr_jupyter v0.21.1
#15 1.469   Installing evcxr_jupyter v0.21.1
#15 1.473     Updating crates.io index
#15 8.248 warning: package `slab v0.4.10` in Cargo.lock is yanked in registry `crates-io`, consider running without --locked
#15 8.286     Updating crates.io index
#15 8.870  Downloading crates ...
#15 9.102   Downloaded adler2 v2.0.1
#15 9.112   Downloaded asynchronous-codec v0.7.0
#15 9.152   Downloaded camino v1.1.10
#15 9.167   Downloaded ariadne v0.5.1
#15 9.175   Downloaded generic-array v0.14.7
#15 9.179   Downloaded cpufeatures v0.2.17
#15 9.181   Downloaded addr2line v0.24.2
#15 9.192   Downloaded ra_ap_paths v0.0.295
#15 9.197   Downloaded nohash-hasher v0.2.0
#15 9.200   Downloaded cfg-if v1.0.1
#15 9.204   Downloaded memoffset v0.9.1
#15 9.207   Downloaded chalk-derive v0.103.0
#15 9.209   Downloaded block-buffer v0.10.4
#15 9.220   Downloaded idna_adapter v1.2.1
#15 9.226   Downloaded notify v8.1.0
#15 9.232   Downloaded scopeguard v1.2.0
#15 9.237   Downloaded ra_ap_edition v0.0.295
#15 9.241   Downloaded option-ext v0.2.0
#15 9.242   Downloaded rustc-hash v1.1.0
#15 9.246   Downloaded futures-io v0.3.31
#15 9.248   Downloaded cargo-platform v0.2.0
#15 9.251   Downloaded litemap v0.8.0
#15 9.257   Downloaded ordered-float v2.10.1
#15 9.261   Downloaded notify-types v2.0.0
#15 9.266   Downloaded serde-value v0.7.0
#15 9.268   Downloaded la-arena v0.3.1
#15 9.271   Downloaded itoa v1.0.15
#15 9.274   Downloaded futures-macro v0.3.31
#15 9.277   Downloaded same-file v1.0.6
#15 9.280   Downloaded line-index v0.1.2
#15 9.283   Downloaded dirs-sys v0.5.0
#15 9.288   Downloaded ra-ap-rustc_hashes v0.121.0
#15 9.290   Downloaded inotify-sys v0.1.5
#15 9.292   Downloaded ra_ap_tt v0.0.295
#15 9.294   Downloaded form_urlencoded v1.2.1
#15 9.296   Downloaded mimalloc v0.1.47
#15 9.299   Downloaded ra-ap-rustc_index_macros v0.121.0
#15 9.301   Downloaded futures-task v0.3.31
#15 9.303   Downloaded ra_ap_stdx v0.0.295
#15 9.308   Downloaded home v0.5.11
#15 9.310   Downloaded crossbeam-queue v0.3.12
#15 9.312   Downloaded cfg_aliases v0.2.1
#15 9.323   Downloaded fastrand v2.3.0
#15 9.333   Downloaded ra_ap_query-group-macro v0.0.295
#15 9.339   Downloaded ra_ap_toolchain v0.0.295
#15 9.342   Downloaded errno v0.3.13
#15 9.356   Downloaded ra_ap_profile v0.0.295
#15 9.359   Downloaded fixedbitset v0.4.2
#15 9.365   Downloaded rustc-literal-escaper v0.0.4
#15 9.371   Downloaded potential_utf v0.1.2
#15 9.378   Downloaded salsa-macro-rules v0.23.0
#15 9.398   Downloaded ra_ap_intern v0.0.295
#15 9.401   Downloaded evcxr_input v1.0.0
#15 9.416   Downloaded crypto-common v0.1.6
#15 9.425   Downloaded serde_spanned v1.0.0
#15 9.428   Downloaded drop_bomb v0.1.5
#15 9.432   Downloaded cov-mark v2.0.1
#15 9.437   Downloaded countme v3.0.1
#15 9.442   Downloaded futures-sink v0.3.31
#15 9.448   Downloaded env_home v0.1.0
#15 9.453   Downloaded jod-thread v1.0.0
#15 9.460   Downloaded equivalent v1.0.2
#15 9.472   Downloaded ra_ap_vfs-notify v0.0.295
#15 9.482   Downloaded dirs v6.0.0
#15 9.489   Downloaded scoped-tls v1.0.1
#15 9.492   Downloaded pin-utils v0.1.0
#15 9.495   Downloaded percent-encoding v2.3.1
#15 9.497   Downloaded ra-ap-rustc_parse_format v0.121.0
#15 9.501   Downloaded sig v1.0.0
#15 9.506   Downloaded ra-ap-rustc_lexer v0.121.0
#15 9.509   Downloaded rand_chacha v0.3.1
#15 9.512   Downloaded ra_ap_cfg v0.0.295
#15 9.517   Downloaded chalk-recursive v0.103.0
#15 9.531   Downloaded boxcar v0.2.13
#15 9.536   Downloaded autocfg v1.5.0
#15 9.548   Downloaded erased-serde v0.4.6
#15 9.554   Downloaded cargo_metadata v0.21.0
#15 9.561   Downloaded arrayvec v0.7.6
#15 9.566   Downloaded ena v0.14.3
#15 9.571   Downloaded foldhash v0.1.5
#15 9.578   Downloaded salsa-macros v0.23.0
#15 9.588   Downloaded rand_core v0.6.4
#15 9.600   Downloaded async-trait v0.1.88
#15 9.606   Downloaded displaydoc v0.2.5
#15 9.612   Downloaded parking_lot_core v0.9.11
#15 9.616   Downloaded subtle v2.6.1
#15 9.618   Downloaded stable_deref_trait v1.2.0
#15 9.620   Downloaded crossbeam-deque v0.8.6
#15 9.635   Downloaded tokio-macros v2.5.0
#15 9.639   Downloaded futures-core v0.3.31
#15 9.643   Downloaded toml_datetime v0.6.11
#15 9.659   Downloaded toml_write v0.1.2
#15 9.670   Downloaded typeid v1.0.3
#15 9.675   Downloaded futures-channel v0.3.31
#15 9.692   Downloaded text-size v1.1.1
#15 9.718   Downloaded serde_spanned v0.6.9
#15 9.721   Downloaded serde-untagged v0.1.7
#15 9.726   Downloaded rustc-stable-hash v0.1.2
#15 9.736   Downloaded oorandom v11.1.5
#15 9.741   Downloaded typed-arena v2.0.2
#15 9.744   Downloaded ra_ap_span v0.0.295
#15 9.755   Downloaded hashlink v0.10.0
#15 9.759   Downloaded ra_ap_base_db v0.0.295
#15 9.774   Downloaded dashmap v6.1.0
#15 9.784   Downloaded ra-ap-rustc_index v0.121.0
#15 9.789   Downloaded either v1.15.0
#15 9.796   Downloaded perf-event-open-sys v1.0.1
#15 9.800   Downloaded slab v0.4.10
#15 9.804   Downloaded shlex v1.3.0
#15 9.807   Downloaded dot v0.1.4
#15 9.809   Downloaded digest v0.10.7
#15 9.825   Downloaded utf8_iter v1.0.4
#15 9.828   Downloaded version_check v0.9.5
#15 9.831   Downloaded pulldown-cmark-to-cmark v10.0.4
#15 9.841   Downloaded ppv-lite86 v0.2.21
#15 9.845   Downloaded zerofrom v0.1.6
#15 9.848   Downloaded zerofrom-derive v0.1.6
#15 9.850   Downloaded semver v1.0.26
#15 9.856   Downloaded rustc-hash v2.1.1
#15 9.860   Downloaded rustc-demangle v0.1.25
#15 9.864   Downloaded synstructure v0.13.2
#15 9.865   Downloaded smol_str v0.3.2
#15 9.868   Downloaded signal-hook-registry v1.4.5
#15 9.871   Downloaded sha2 v0.10.9
#15 9.878   Downloaded hmac v0.12.1
#15 9.884   Downloaded bitflags v2.9.1
#15 9.892   Downloaded hex v0.4.3
#15 9.910   Downloaded iana-time-zone v0.1.63
#15 9.914   Downloaded quote v1.0.40
#15 9.919   Downloaded dashmap v5.5.3
#15 9.925   Downloaded log v0.4.27
#15 9.928   Downloaded ra_ap_ide_ssr v0.0.295
#15 9.932   Downloaded getrandom v0.2.16
#15 9.948   Downloaded yoke-derive v0.8.0
#15 9.950   Downloaded ra_ap_vfs v0.0.295
#15 9.952   Downloaded lock_api v0.4.13
#15 9.955   Downloaded thiserror-impl v1.0.69
#15 9.957   Downloaded thiserror v2.0.12
#15 9.967   Downloaded toml_datetime v0.7.0
#15 9.969   Downloaded unicode-xid v0.2.6
#15 9.972   Downloaded tinystr v0.8.1
#15 9.976   Downloaded crossbeam-utils v0.8.21
#15 9.981   Downloaded unicase v2.8.1
#15 9.989   Downloaded walkdir v2.5.0
#15 10.02   Downloaded writeable v0.6.1
#15 10.02   Downloaded thiserror-impl v2.0.12
#15 10.03   Downloaded which v8.0.0
#15 10.03   Downloaded toml_writer v1.0.2
#15 10.03   Downloaded triomphe v0.1.14
#15 10.07   Downloaded ryu v1.0.20
#15 10.08   Downloaded rowan v0.15.15
#15 10.08   Downloaded crossbeam-epoch v0.9.18
#15 10.09   Downloaded inotify v0.11.0
#15 10.09   Downloaded seize v0.5.0
#15 10.10   Downloaded pin-project-lite v0.2.16
#15 10.11   Downloaded smallvec v1.15.1
#15 10.11   Downloaded ra_ap_syntax-bridge v0.0.295
#15 10.11   Downloaded parking_lot v0.12.4
#15 10.12   Downloaded yoke v0.8.0
#15 10.12   Downloaded perf-event v0.4.7
#15 10.12   Downloaded libloading v0.8.8
#15 10.13   Downloaded cargo-util-schemas v0.8.2
#15 10.15   Downloaded chalk-ir v0.103.0
#15 10.15   Downloaded allocator-api2 v0.2.21
#15 10.16   Downloaded icu_properties v2.0.1
#15 10.16   Downloaded once_cell v1.21.3
#15 10.18   Downloaded intrusive-collections v0.9.7
#15 10.21   Downloaded toml_parser v1.0.1
#15 10.22   Downloaded unicode-ident v1.0.18
#15 10.23   Downloaded zerovec-derive v0.11.1
#15 10.25   Downloaded thiserror v1.0.69
#15 10.26   Downloaded toml v0.8.23
#15 10.27   Downloaded thin-vec v0.2.14
#15 10.27   Downloaded tempfile v3.20.0
#15 10.28   Downloaded num-traits v0.2.19
#15 10.28   Downloaded unicode-properties v0.1.3
#15 10.29   Downloaded serde_derive v1.0.219
#15 10.29   Downloaded proc-macro2 v1.0.95
#15 10.30   Downloaded icu_normalizer v2.0.0
#15 10.31   Downloaded getrandom v0.3.3
#15 10.33   Downloaded ra-ap-rustc_abi v0.121.0
#15 10.33   Downloaded bytes v1.10.1
#15 10.34   Downloaded icu_provider v2.0.0
#15 10.35   Downloaded anyhow v1.0.98
#15 10.36   Downloaded serde v1.0.219
#15 10.39   Downloaded miniz_oxide v0.8.9
#15 10.40   Downloaded icu_normalizer_data v2.0.0
#15 10.40   Downloaded uuid v1.17.0
#15 10.41   Downloaded tracing-core v0.1.34
#15 10.42   Downloaded rayon-core v1.12.1
#15 10.43   Downloaded toml v0.9.2
#15 10.44   Downloaded tracing-attributes v0.1.30
#15 10.44   Downloaded papaya v0.2.3
#15 10.45   Downloaded icu_locale_core v2.0.0
#15 10.47   Downloaded ra_ap_mbe v0.0.295
#15 10.48   Downloaded zeromq v0.4.1
#15 10.49   Downloaded icu_collections v2.0.0
#15 10.50   Downloaded ra-ap-rustc_pattern_analysis v0.121.0
#15 10.53   Downloaded indexmap v2.10.0
#15 10.54   Downloaded memchr v2.7.5
#15 10.55   Downloaded socket2 v0.5.10
#15 10.55   Downloaded toml_edit v0.22.27
#15 10.56   Downloaded url v2.5.4
#15 10.57   Downloaded crossbeam-channel v0.5.15
#15 10.59   Downloaded typenum v1.18.0
#15 10.60   Downloaded yansi v1.0.1
#15 10.60   Downloaded borsh v1.5.7
#15 10.61   Downloaded zerotrie v0.2.2
#15 10.62   Downloaded rand v0.8.5
#15 10.63   Downloaded backtrace v0.3.75
#15 10.63   Downloaded evcxr v0.21.1
#15 10.65   Downloaded tracing v0.1.41
#15 10.65   Downloaded rustc_apfloat v0.2.3+llvm-462a31f5a5ab
#15 10.68   Downloaded json v0.12.4
#15 10.69   Downloaded ra_ap_ide_diagnostics v0.0.295
#15 10.70   Downloaded cc v1.2.30
#15 10.71   Downloaded chalk-solve v0.103.0
#15 10.72   Downloaded ra_ap_project_model v0.0.295
#15 10.73   Downloaded ra_ap_hir_expand v0.0.295
#15 10.74   Downloaded pulldown-cmark v0.9.6
#15 10.76   Downloaded mio v1.0.4
#15 10.82   Downloaded idna v1.0.3
#15 10.84   Downloaded itertools v0.12.1
#15 10.88   Downloaded ra_ap_hir v0.0.295
#15 10.88   Downloaded itertools v0.14.0
#15 10.89   Downloaded hashbrown v0.15.4
#15 10.90   Downloaded zerovec v0.11.2
#15 10.92   Downloaded tokio-util v0.7.15
#15 10.93   Downloaded ra_ap_syntax v0.0.295
#15 10.94   Downloaded unicode-segmentation v1.12.0
#15 10.95   Downloaded icu_properties_data v2.0.1
#15 10.96   Downloaded futures-util v0.3.31
#15 10.98   Downloaded aho-corasick v1.1.3
#15 10.99   Downloaded hashbrown v0.14.5
#15 11.01   Downloaded ra_ap_parser v0.0.295
#15 11.09   Downloaded serde_json v1.0.141
#15 11.11   Downloaded libmimalloc-sys v0.1.43
#15 11.12   Downloaded ra_ap_ide_completion v0.0.295
#15 11.13   Downloaded chrono v0.4.41
#15 11.17   Downloaded gimli v0.31.1
#15 11.21   Downloaded zerocopy v0.8.26
#15 11.25   Downloaded winnow v0.7.12
#15 11.27   Downloaded unicode-width v0.1.14
#15 11.28   Downloaded syn v2.0.104
#15 11.29   Downloaded rayon v1.10.0
#15 11.31   Downloaded portable-atomic v1.11.1
#15 11.39   Downloaded ra_ap_ide_db v0.0.295
#15 11.40   Downloaded ra_ap_hir_def v0.0.295
#15 11.52   Downloaded ra_ap_ide v0.0.295
#15 11.58   Downloaded regex v1.11.1
#15 11.62   Downloaded object v0.36.7
#15 11.65   Downloaded libc v0.2.174
#15 11.74   Downloaded regex-syntax v0.8.5
#15 11.78   Downloaded ra_ap_ide_assists v0.0.295
#15 11.80   Downloaded rustix v1.0.8
#15 11.86   Downloaded ra_ap_hir_ty v0.0.295
#15 12.02   Downloaded regex-automata v0.4.9
#15 12.07   Downloaded salsa v0.23.0
#15 12.11   Downloaded fst v0.4.7
#15 12.13   Downloaded petgraph v0.6.5
#15 12.15   Downloaded tokio v1.46.1
#15 12.26   Downloaded linux-raw-sys v0.9.4
#15 12.51    Compiling proc-macro2 v1.0.95
#15 12.51    Compiling unicode-ident v1.0.18
#15 12.51    Compiling libc v0.2.174
#15 12.52    Compiling serde v1.0.219
#15 12.53    Compiling autocfg v1.5.0
#15 12.53    Compiling cfg-if v1.0.1
#15 12.53    Compiling smallvec v1.15.1
#15 12.53    Compiling once_cell v1.21.3
#15 12.54    Compiling crossbeam-utils v0.8.21
#15 12.54    Compiling pin-project-lite v0.2.16
#15 12.54    Compiling memchr v2.7.5
#15 12.54    Compiling equivalent v1.0.2
#15 12.54    Compiling foldhash v0.1.5
#15 12.54    Compiling allocator-api2 v0.2.21
#15 12.55    Compiling either v1.15.0
#15 12.55    Compiling parking_lot_core v0.9.11
#15 12.59    Compiling scopeguard v1.2.0
#15 12.61    Compiling bitflags v2.9.1
#15 12.62    Compiling rustc-hash v2.1.1
#15 12.64    Compiling unicode-xid v0.2.6
#15 12.69    Compiling hashbrown v0.14.5
#15 12.72    Compiling camino v1.1.10
#15 12.79    Compiling unicode-properties v0.1.3
#15 12.81    Compiling jod-thread v1.0.0
#15 12.83    Compiling itertools v0.14.0
#15 12.84    Compiling tracing-core v0.1.34
#15 12.85    Compiling text-size v1.1.1
#15 12.90    Compiling rayon-core v1.12.1
#15 12.92    Compiling fst v0.4.7
#15 12.92    Compiling rustc-hash v1.1.0
#15 12.95    Compiling triomphe v0.1.14
#15 12.99    Compiling rustc-literal-escaper v0.0.4
#15 13.01    Compiling portable-atomic v1.11.1
#15 13.04    Compiling nohash-hasher v0.2.0
#15 13.06    Compiling stable_deref_trait v1.2.0
#15 13.10    Compiling lock_api v0.4.13
#15 13.12    Compiling memoffset v0.9.1
#15 13.15    Compiling hashbrown v0.15.4
#15 13.31    Compiling log v0.4.27
#15 13.32    Compiling drop_bomb v0.1.5
#15 13.50    Compiling ra-ap-rustc_lexer v0.121.0
#15 13.50    Compiling ra_ap_edition v0.0.295
#15 13.99    Compiling quote v1.0.40
#15 14.17    Compiling countme v3.0.1
#15 14.20    Compiling intrusive-collections v0.9.7
#15 14.33    Compiling arrayvec v0.7.6
#15 14.43    Compiling syn v2.0.104
#15 14.57    Compiling crossbeam-channel v0.5.15
#15 14.65    Compiling crossbeam-epoch v0.9.18
#15 14.76    Compiling crossbeam-queue v0.3.12
#15 14.80    Compiling rowan v0.15.15
#15 14.87    Compiling semver v1.0.26
#15 14.94    Compiling salsa-macro-rules v0.23.0
#15 15.02    Compiling seize v0.5.0
#15 15.04    Compiling boxcar v0.2.13
#15 15.07    Compiling smol_str v0.3.2
#15 15.26    Compiling hashlink v0.10.0
#15 15.28    Compiling thin-vec v0.2.14
#15 15.33    Compiling crossbeam-deque v0.8.6
#15 15.34    Compiling la-arena v0.3.1
#15 15.57    Compiling parking_lot v0.12.4
#15 15.68    Compiling dashmap v6.1.0
#15 15.74    Compiling papaya v0.2.3
#15 15.75    Compiling rustc_apfloat v0.2.3+llvm-462a31f5a5ab
#15 15.75    Compiling fixedbitset v0.4.2
#15 15.76    Compiling writeable v0.6.1
#15 15.80    Compiling rustc-stable-hash v0.1.2
#15 15.97    Compiling cov-mark v2.0.1
#15 15.98    Compiling litemap v0.8.0
#15 16.04    Compiling ra-ap-rustc_hashes v0.121.0
#15 16.05    Compiling ena v0.14.3
#15 16.17    Compiling itertools v0.12.1
#15 16.18    Compiling icu_normalizer_data v2.0.0
#15 16.30    Compiling icu_properties_data v2.0.1
#15 16.37    Compiling ra_ap_intern v0.0.295
#15 16.38    Compiling ra-ap-rustc_parse_format v0.121.0
#15 16.39    Compiling num-traits v0.2.19
#15 16.60    Compiling perf-event-open-sys v1.0.1
#15 16.64    Compiling oorandom v11.1.5
#15 16.70    Compiling rayon v1.10.0
#15 16.84    Compiling typed-arena v2.0.2
#15 16.93    Compiling scoped-tls v1.0.1
#15 16.93    Compiling typeid v1.0.3
#15 17.02    Compiling version_check v0.9.5
#15 17.11    Compiling perf-event v0.4.7
#15 17.11    Compiling typenum v1.18.0
#15 17.19    Compiling winnow v0.7.12
#15 17.45    Compiling line-index v0.1.2
#15 17.63    Compiling utf8_iter v1.0.4
#15 17.80    Compiling ra_ap_profile v0.0.295
#15 17.87    Compiling generic-array v0.14.7
#15 17.93    Compiling percent-encoding v2.3.1
#15 17.94    Compiling serde_json v1.0.141
#15 18.01    Compiling mio v1.0.4
#15 18.19    Compiling rustix v1.0.8
#15 18.21    Compiling ryu v1.0.20
#15 18.24    Compiling zerocopy v0.8.26
#15 18.25    Compiling toml_write v0.1.2
#15 18.70    Compiling form_urlencoded v1.2.1
#15 18.76    Compiling itoa v1.0.15
#15 18.80    Compiling getrandom v0.3.3
#15 18.90    Compiling thiserror v2.0.12
#15 19.10    Compiling ordered-float v2.10.1
#15 19.15    Compiling futures-sink v0.3.31
#15 19.16    Compiling pulldown-cmark v0.9.6
#15 19.19    Compiling shlex v1.3.0
#15 19.30    Compiling linux-raw-sys v0.9.4
#15 19.34    Compiling futures-core v0.3.31
#15 19.45    Compiling cc v1.2.30
#15 19.48    Compiling inotify-sys v0.1.5
#15 19.49    Compiling getrandom v0.2.16
#15 19.51    Compiling anyhow v1.0.98
#15 19.52    Compiling unicase v2.8.1
#15 19.60    Compiling futures-io v0.3.31
#15 19.68    Compiling env_home v0.1.0
#15 19.69    Compiling home v0.5.11
#15 19.76    Compiling same-file v1.0.6
#15 19.87    Compiling regex-syntax v0.8.5
#15 19.88    Compiling object v0.36.7
#15 19.89    Compiling bytes v1.10.1
#15 19.99    Compiling walkdir v2.5.0
#15 20.21    Compiling rand_core v0.6.4
#15 20.22    Compiling inotify v0.11.0
#15 20.67    Compiling block-buffer v0.10.4
#15 20.81    Compiling crypto-common v0.1.6
#15 20.90    Compiling signal-hook-registry v1.4.5
#15 21.15    Compiling socket2 v0.5.10
#15 21.28    Compiling futures-task v0.3.31
#15 22.12    Compiling subtle v2.6.1
#15 22.15    Compiling thiserror v1.0.69
#15 22.27    Compiling synstructure v0.13.2
#15 22.47    Compiling gimli v0.31.1
#15 22.52    Compiling slab v0.4.10
#15 22.65    Compiling notify-types v2.0.0
#15 22.79    Compiling option-ext v0.2.0
#15 22.96    Compiling pin-utils v0.1.0
#15 22.97    Compiling libmimalloc-sys v0.1.43
#15 22.98    Compiling adler2 v2.0.1
#15 23.08    Compiling notify v8.1.0
#15 23.08    Compiling dirs-sys v0.5.0
#15 23.30    Compiling miniz_oxide v0.8.9
#15 23.45    Compiling regex-automata v0.4.9
#15 23.57    Compiling pulldown-cmark-to-cmark v10.0.4
#15 23.68    Compiling digest v0.10.7
#15 24.18    Compiling toml_parser v1.0.1
#15 24.25    Compiling ppv-lite86 v0.2.21
#15 24.51    Compiling which v8.0.0
#15 24.72    Compiling rustc-demangle v0.1.25
#15 25.19    Compiling rand_chacha v0.3.1
#15 25.28    Compiling unicode-width v0.1.14
#15 25.47    Compiling evcxr v0.21.1
#15 26.06    Compiling toml_writer v1.0.2
#15 26.15    Compiling dot v0.1.4
#15 26.42    Compiling fastrand v2.3.0
#15 26.54    Compiling yansi v1.0.1
#15 26.75    Compiling serde_derive v1.0.219
#15 26.92    Compiling tracing-attributes v0.1.30
#15 26.92    Compiling zerofrom-derive v0.1.6
#15 26.95    Compiling yoke-derive v0.8.0
#15 27.11    Compiling salsa-macros v0.23.0
#15 27.21    Compiling zerovec-derive v0.11.1
#15 27.26    Compiling displaydoc v0.2.5
#15 28.28    Compiling ra-ap-rustc_index_macros v0.121.0
#15 28.32    Compiling ra_ap_query-group-macro v0.0.295
#15 28.56    Compiling chalk-derive v0.103.0
#15 28.77    Compiling ra-ap-rustc_index v0.121.0
#15 28.81    Compiling tracing v0.1.41
#15 28.82    Compiling thiserror-impl v2.0.12
#15 28.92    Compiling zerofrom v0.1.6
#15 28.98    Compiling tokio-macros v2.5.0
#15 29.06    Compiling ra_ap_stdx v0.0.295
#15 29.38    Compiling ra_ap_parser v0.0.295
#15 29.39    Compiling yoke v0.8.0
#15 29.39    Compiling chalk-ir v0.103.0
#15 29.50    Compiling ra-ap-rustc_abi v0.121.0
#15 29.52    Compiling ra-ap-rustc_pattern_analysis v0.121.0
#15 29.70    Compiling zerovec v0.11.2
#15 29.85    Compiling ra_ap_tt v0.0.295
#15 29.95    Compiling zerotrie v0.2.2
#15 30.43    Compiling ra_ap_syntax v0.0.295
#15 30.56    Compiling ra_ap_cfg v0.0.295
#15 30.60    Compiling futures-macro v0.3.31
#15 30.70    Compiling tokio v1.46.1
#15 30.85    Compiling addr2line v0.24.2
#15 31.69    Compiling tinystr v0.8.1
#15 31.72    Compiling potential_utf v0.1.2
#15 31.88    Compiling regex v1.11.1
#15 32.06    Compiling icu_collections v2.0.0
#15 32.11    Compiling icu_locale_core v2.0.0
#15 32.13    Compiling futures-util v0.3.31
#15 32.18    Compiling thiserror-impl v1.0.69
#15 32.32    Compiling backtrace v0.3.75
#15 32.94    Compiling ariadne v0.5.1
#15 32.99    Compiling tempfile v3.20.0
#15 33.30    Compiling async-trait v0.1.88
#15 33.44    Compiling icu_provider v2.0.0
#15 33.95    Compiling icu_properties v2.0.1
#15 33.95    Compiling icu_normalizer v2.0.0
#15 34.44    Compiling rand v0.8.5
#15 34.61    Compiling dirs v6.0.0
#15 34.75    Compiling uuid v1.17.0
#15 34.81    Compiling futures-channel v0.3.31
#15 34.89    Compiling dashmap v5.5.3
#15 34.98    Compiling sig v1.0.0
#15 35.09    Compiling libloading v0.8.8
#15 35.12    Compiling evcxr_input v1.0.0
#15 35.30    Compiling unicode-segmentation v1.12.0
#15 35.32    Compiling iana-time-zone v0.1.63
#15 35.39    Compiling cpufeatures v0.2.17
#15 35.46    Compiling json v0.12.4
#15 35.63    Compiling idna_adapter v1.2.1
#15 35.76    Compiling idna v1.0.3
#15 35.81    Compiling chrono v0.4.41
#15 35.85    Compiling sha2 v0.10.9
#15 35.93    Compiling mimalloc v0.1.47
#15 36.00    Compiling indexmap v2.10.0
#15 36.19    Compiling serde_spanned v0.6.9
#15 36.20    Compiling toml_datetime v0.6.11
#15 36.32    Compiling url v2.5.4
#15 36.70    Compiling ra_ap_paths v0.0.295
#15 36.76    Compiling erased-serde v0.4.6
#15 36.92    Compiling serde-value v0.7.0
#15 37.01    Compiling ra_ap_toolchain v0.0.295
#15 37.04    Compiling cargo-platform v0.2.0
#15 37.26    Compiling toml_datetime v0.7.0
#15 37.32    Compiling ra_ap_vfs v0.0.295
#15 37.72    Compiling salsa v0.23.0
#15 37.77    Compiling petgraph v0.6.5
#15 37.82    Compiling toml_edit v0.22.27
#15 37.83    Compiling serde-untagged v0.1.7
#15 37.84    Compiling serde_spanned v1.0.0
#15 37.92    Compiling ra_ap_vfs-notify v0.0.295
#15 37.96    Compiling toml v0.9.2
#15 38.37    Compiling asynchronous-codec v0.7.0
#15 38.49    Compiling hmac v0.12.1
#15 38.62    Compiling hex v0.4.3
#15 40.10    Compiling tokio-util v0.7.15
#15 40.75    Compiling zeromq v0.4.1
#15 40.94    Compiling ra_ap_span v0.0.295
#15 41.02    Compiling chalk-solve v0.103.0
#15 41.51    Compiling toml v0.8.23
#15 42.68    Compiling ra_ap_syntax-bridge v0.0.295
#15 42.96    Compiling ra_ap_base_db v0.0.295
#15 43.24    Compiling ra_ap_mbe v0.0.295
#15 43.68    Compiling cargo-util-schemas v0.8.2
#15 45.09    Compiling ra_ap_hir_expand v0.0.295
#15 46.30    Compiling chalk-recursive v0.103.0
#15 46.76    Compiling cargo_metadata v0.21.0
#15 48.49    Compiling ra_ap_project_model v0.0.295
#15 49.34    Compiling ra_ap_hir_def v0.0.295
#15 63.82    Compiling ra_ap_hir_ty v0.0.295
#15 78.74    Compiling ra_ap_hir v0.0.295
#15 85.28    Compiling ra_ap_ide_db v0.0.295
#15 94.89    Compiling ra_ap_ide_completion v0.0.295
#15 94.90    Compiling ra_ap_ide_assists v0.0.295
#15 95.47    Compiling ra_ap_ide_diagnostics v0.0.295
#15 95.79    Compiling ra_ap_ide_ssr v0.0.295
#15 108.5    Compiling ra_ap_ide v0.0.295
#15 124.8    Compiling evcxr_jupyter v0.21.1
#15 129.7     Finished `release` profile [optimized] target(s) in 2m 09s
#15 130.6   Installing /usr/local/cargo/bin/evcxr_jupyter
#15 130.6    Installed package `evcxr_jupyter v0.21.1` (executable `evcxr_jupyter`)
#15 131.4     Updating crates.io index
#15 131.7  Downloading crates ...
#15 131.9   Downloaded evcxr_repl v0.21.1
#15 132.0   Installing evcxr_repl v0.21.1
#15 132.1     Updating crates.io index
#15 134.3     Updating crates.io index
#15 134.9  Downloading crates ...
#15 135.2   Downloaded anstyle-query v1.1.3
#15 135.3   Downloaded fd-lock v4.0.4
#15 135.3   Downloaded anstyle v1.0.11
#15 135.3   Downloaded anstyle-parse v0.2.7
#15 135.3   Downloaded is_terminal_polyfill v1.70.1
#15 135.3   Downloaded strsim v0.11.1
#15 135.3   Downloaded endian-type v0.1.2
#15 135.3   Downloaded utf8parse v0.2.2
#15 135.3   Downloaded heck v0.5.0
#15 135.3   Downloaded nibble_vec v0.1.0
#15 135.3   Downloaded colorchoice v1.0.4
#15 135.3   Downloaded ctrlc v3.4.7
#15 135.3   Downloaded anstream v0.6.19
#15 135.4   Downloaded clap_derive v4.5.41
#15 135.4   Downloaded clap_lex v0.7.5
#15 135.4   Downloaded clap v4.5.41
#15 135.5   Downloaded rustyline v16.0.0
#15 135.5   Downloaded clap_builder v4.5.41
#15 135.5   Downloaded radix_trie v0.2.1
#15 135.5   Downloaded unicode-width v0.2.1
#15 135.6   Downloaded nix v0.30.1
#15 135.7    Compiling proc-macro2 v1.0.95
#15 135.7    Compiling unicode-ident v1.0.18
#15 135.7    Compiling libc v0.2.174
#15 135.7    Compiling serde v1.0.219
#15 135.7    Compiling autocfg v1.5.0
#15 135.7    Compiling smallvec v1.15.1
#15 135.7    Compiling once_cell v1.21.3
#15 135.7    Compiling crossbeam-utils v0.8.21
#15 135.7    Compiling cfg-if v1.0.1
#15 135.7    Compiling equivalent v1.0.2
#15 135.7    Compiling foldhash v0.1.5
#15 135.7    Compiling memchr v2.7.5
#15 135.7    Compiling pin-project-lite v0.2.16
#15 135.7    Compiling allocator-api2 v0.2.21
#15 135.7    Compiling bitflags v2.9.1
#15 135.8    Compiling either v1.15.0
#15 135.8    Compiling unicode-xid v0.2.6
#15 135.8    Compiling parking_lot_core v0.9.11
#15 135.8    Compiling rustc-hash v2.1.1
#15 135.9    Compiling scopeguard v1.2.0
#15 136.0    Compiling camino v1.1.10
#15 136.0    Compiling hashbrown v0.14.5
#15 136.1    Compiling tracing-core v0.1.34
#15 136.2    Compiling jod-thread v1.0.0
#15 136.2    Compiling unicode-properties v0.1.3
#15 136.2    Compiling text-size v1.1.1
#15 136.2    Compiling rayon-core v1.12.1
#15 136.3    Compiling fst v0.4.7
#15 136.3    Compiling itertools v0.14.0
#15 136.3    Compiling triomphe v0.1.14
#15 136.4    Compiling rustc-hash v1.1.0
#15 136.4    Compiling nohash-hasher v0.2.0
#15 136.4    Compiling rustc-literal-escaper v0.0.4
#15 136.5    Compiling portable-atomic v1.11.1
#15 136.5    Compiling ra_ap_edition v0.0.295
#15 136.5    Compiling countme v3.0.1
#15 136.5    Compiling drop_bomb v0.1.5
#15 136.6    Compiling lock_api v0.4.13
#15 136.6    Compiling hashbrown v0.15.4
#15 136.7    Compiling memoffset v0.9.1
#15 136.7    Compiling stable_deref_trait v1.2.0
#15 136.8    Compiling arrayvec v0.7.6
#15 136.8    Compiling thin-vec v0.2.14
#15 136.8    Compiling salsa-macro-rules v0.23.0
#15 136.9    Compiling ra-ap-rustc_lexer v0.121.0
#15 137.0    Compiling boxcar v0.2.13
#15 137.0    Compiling intrusive-collections v0.9.7
#15 137.1    Compiling crossbeam-channel v0.5.15
#15 137.2    Compiling crossbeam-epoch v0.9.18
#15 137.3    Compiling quote v1.0.40
#15 137.3    Compiling crossbeam-queue v0.3.12
#15 137.7    Compiling rowan v0.15.15
#15 137.8    Compiling semver v1.0.26
#15 137.8    Compiling syn v2.0.104
#15 138.1    Compiling smol_str v0.3.2
#15 138.2    Compiling crossbeam-deque v0.8.6
#15 138.3    Compiling la-arena v0.3.1
#15 138.3    Compiling log v0.4.27
#15 138.7    Compiling rustc_apfloat v0.2.3+llvm-462a31f5a5ab
#15 138.8    Compiling hashlink v0.10.0
#15 138.9    Compiling litemap v0.8.0
#15 138.9    Compiling fixedbitset v0.4.2
#15 138.9    Compiling cov-mark v2.0.1
#15 139.0    Compiling rustc-stable-hash v0.1.2
#15 139.1    Compiling writeable v0.6.1
#15 139.4    Compiling ena v0.14.3
#15 139.8    Compiling ra-ap-rustc_hashes v0.121.0
#15 139.9    Compiling itertools v0.12.1
#15 139.9    Compiling icu_properties_data v2.0.1
#15 139.9    Compiling icu_normalizer_data v2.0.0
#15 140.0    Compiling ra-ap-rustc_parse_format v0.121.0
#15 140.1    Compiling oorandom v11.1.5
#15 140.1    Compiling typed-arena v2.0.2
#15 140.2    Compiling scoped-tls v1.0.1
#15 140.2    Compiling num-traits v0.2.19
#15 140.2    Compiling winnow v0.7.12
#15 140.4    Compiling typeid v1.0.3
#15 140.5    Compiling line-index v0.1.2
#15 140.5    Compiling serde_json v1.0.141
#15 140.5    Compiling rustix v1.0.8
#15 140.8    Compiling utf8_iter v1.0.4
#15 140.8    Compiling rayon v1.10.0
#15 140.9    Compiling percent-encoding v2.3.1
#15 141.3    Compiling seize v0.5.0
#15 141.5    Compiling perf-event-open-sys v1.0.1
#15 142.1    Compiling dashmap v6.1.0
#15 142.3    Compiling parking_lot v0.12.4
#15 142.4    Compiling papaya v0.2.3
#15 142.4    Compiling perf-event v0.4.7
#15 142.4    Compiling form_urlencoded v1.2.1
#15 142.8    Compiling thiserror v2.0.12
#15 142.9    Compiling ryu v1.0.20
#15 143.0    Compiling itoa v1.0.15
#15 143.4    Compiling ra_ap_profile v0.0.295
#15 143.6    Compiling linux-raw-sys v0.9.4
#15 143.7    Compiling toml_write v0.1.2
#15 144.0    Compiling ordered-float v2.10.1
#15 144.3    Compiling ra_ap_intern v0.0.295
#15 144.4    Compiling shlex v1.3.0
#15 144.5    Compiling cfg_aliases v0.2.1
#15 144.8    Compiling home v0.5.11
#15 145.0    Compiling pulldown-cmark v0.9.6
#15 145.0    Compiling utf8parse v0.2.2
#15 145.0    Compiling cc v1.2.30
#15 145.1    Compiling nix v0.30.1
#15 145.1    Compiling inotify-sys v0.1.5
#15 145.2    Compiling unicase v2.8.1
#15 145.2    Compiling anyhow v1.0.98
#15 145.3    Compiling same-file v1.0.6
#15 145.4    Compiling getrandom v0.3.3
#15 145.8    Compiling env_home v0.1.0
#15 145.8    Compiling object v0.36.7
#15 145.8    Compiling walkdir v2.5.0
#15 145.9    Compiling inotify v0.11.0
#15 146.1    Compiling anstyle-parse v0.2.7
#15 146.1    Compiling mio v1.0.4
#15 146.2    Compiling anstyle v1.0.11
#15 146.4    Compiling anstyle-query v1.1.3
#15 146.6    Compiling gimli v0.31.1
#15 146.7    Compiling option-ext v0.2.0
#15 146.7    Compiling colorchoice v1.0.4
#15 147.0    Compiling regex-syntax v0.8.5
#15 147.0    Compiling is_terminal_polyfill v1.70.1
#15 147.0    Compiling adler2 v2.0.1
#15 147.3    Compiling notify-types v2.0.0
#15 147.7    Compiling miniz_oxide v0.8.9
#15 147.7    Compiling anstream v0.6.19
#15 147.8    Compiling dirs-sys v0.5.0
#15 148.6    Compiling toml_parser v1.0.1
#15 148.7    Compiling notify v8.1.0
#15 149.5    Compiling pulldown-cmark-to-cmark v10.0.4
#15 149.6    Compiling libmimalloc-sys v0.1.43
#15 150.2    Compiling nibble_vec v0.1.0
#15 150.5    Compiling rustc-demangle v0.1.25
#15 150.7    Compiling fastrand v2.3.0
#15 150.9    Compiling yansi v1.0.1
#15 151.2    Compiling synstructure v0.13.2
#15 151.4    Compiling which v8.0.0
#15 151.6    Compiling regex-automata v0.4.9
#15 151.8    Compiling strsim v0.11.1
#15 151.8    Compiling evcxr v0.21.1
#15 152.2    Compiling heck v0.5.0
#15 152.2    Compiling clap_lex v0.7.5
#15 152.2    Compiling dot v0.1.4
#15 152.5    Compiling unicode-width v0.1.14
#15 152.6    Compiling endian-type v0.1.2
#15 152.9    Compiling toml_writer v1.0.2
#15 152.9    Compiling unicode-segmentation v1.12.0
#15 153.0    Compiling ariadne v0.5.1
#15 153.3    Compiling addr2line v0.24.2
#15 153.3    Compiling radix_trie v0.2.1
#15 153.3    Compiling clap_builder v4.5.41
#15 153.7    Compiling tempfile v3.20.0
#15 154.2    Compiling fd-lock v4.0.4
#15 154.4    Compiling dirs v6.0.0
#15 154.4    Compiling sig v1.0.0
#15 154.6    Compiling libloading v0.8.8
#15 154.6    Compiling unicode-width v0.2.1
#15 154.9    Compiling serde_derive v1.0.219
#15 154.9    Compiling tracing-attributes v0.1.30
#15 154.9    Compiling zerofrom-derive v0.1.6
#15 154.9    Compiling yoke-derive v0.8.0
#15 155.0    Compiling salsa-macros v0.23.0
#15 155.1    Compiling zerovec-derive v0.11.1
#15 155.6    Compiling displaydoc v0.2.5
#15 156.6    Compiling ra_ap_query-group-macro v0.0.295
#15 156.7    Compiling ra-ap-rustc_index_macros v0.121.0
#15 156.8    Compiling chalk-derive v0.103.0
#15 157.0    Compiling thiserror-impl v2.0.12
#15 157.0    Compiling backtrace v0.3.75
#15 157.0    Compiling tracing v0.1.41
#15 157.1    Compiling zerofrom v0.1.6
#15 157.3    Compiling yoke v0.8.0
#15 157.4    Compiling ra_ap_stdx v0.0.295
#15 157.5    Compiling ra_ap_parser v0.0.295
#15 157.5    Compiling zerovec v0.11.2
#15 157.6    Compiling ra-ap-rustc_index v0.121.0
#15 157.7    Compiling chalk-ir v0.103.0
#15 157.9    Compiling zerotrie v0.2.2
#15 158.0    Compiling regex v1.11.1
#15 158.3    Compiling ra_ap_tt v0.0.295
#15 158.6    Compiling ra-ap-rustc_abi v0.121.0
#15 158.8    Compiling ra-ap-rustc_pattern_analysis v0.121.0
#15 158.9    Compiling ra_ap_syntax v0.0.295
#15 159.2    Compiling ra_ap_cfg v0.0.295
#15 159.5    Compiling clap_derive v4.5.41
#15 159.9    Compiling evcxr_input v1.0.0
#15 160.0    Compiling tinystr v0.8.1
#15 160.1    Compiling potential_utf v0.1.2
#15 160.3    Compiling icu_locale_core v2.0.0
#15 160.4    Compiling icu_collections v2.0.0
#15 160.8    Compiling json v0.12.4
#15 161.2    Compiling mimalloc v0.1.47
#15 161.2    Compiling rustyline v16.0.0
#15 161.2    Compiling ctrlc v3.4.7
#15 161.8    Compiling icu_provider v2.0.0
#15 162.4    Compiling icu_normalizer v2.0.0
#15 162.4    Compiling icu_properties v2.0.1
#15 162.6    Compiling clap v4.5.41
#15 165.1    Compiling idna_adapter v1.2.1
#15 165.3    Compiling idna v1.0.3
#15 165.8    Compiling indexmap v2.10.0
#15 166.0    Compiling serde_spanned v0.6.9
#15 166.0    Compiling toml_datetime v0.6.11
#15 166.1    Compiling url v2.5.4
#15 166.2    Compiling erased-serde v0.4.6
#15 166.2    Compiling serde-value v0.7.0
#15 166.3    Compiling cargo-platform v0.2.0
#15 166.3    Compiling toml_datetime v0.7.0
#15 166.4    Compiling serde_spanned v1.0.0
#15 166.8    Compiling ra_ap_paths v0.0.295
#15 166.9    Compiling ra_ap_toolchain v0.0.295
#15 167.2    Compiling toml v0.9.2
#15 167.8    Compiling ra_ap_vfs v0.0.295
#15 168.2    Compiling salsa v0.23.0
#15 168.3    Compiling petgraph v0.6.5
#15 168.3    Compiling toml_edit v0.22.27
#15 168.6    Compiling serde-untagged v0.1.7
#15 169.3    Compiling ra_ap_vfs-notify v0.0.295
#15 172.1    Compiling ra_ap_span v0.0.295
#15 172.7    Compiling chalk-solve v0.103.0
#15 173.2    Compiling ra_ap_syntax-bridge v0.0.295
#15 173.3    Compiling ra_ap_base_db v0.0.295
#15 173.3    Compiling toml v0.8.23
#15 174.1    Compiling ra_ap_mbe v0.0.295
#15 174.9    Compiling cargo-util-schemas v0.8.2
#15 176.0    Compiling ra_ap_hir_expand v0.0.295
#15 178.4    Compiling cargo_metadata v0.21.0
#15 179.0    Compiling chalk-recursive v0.103.0
#15 179.9    Compiling ra_ap_project_model v0.0.295
#15 181.1    Compiling ra_ap_hir_def v0.0.295
#15 196.6    Compiling ra_ap_hir_ty v0.0.295
#15 212.3    Compiling ra_ap_hir v0.0.295
#15 218.6    Compiling ra_ap_ide_db v0.0.295
#15 227.2    Compiling ra_ap_ide_diagnostics v0.0.295
#15 227.3    Compiling ra_ap_ide_ssr v0.0.295
#15 227.4    Compiling ra_ap_ide_completion v0.0.295
#15 227.5    Compiling ra_ap_ide_assists v0.0.295
#15 238.7    Compiling ra_ap_ide v0.0.295
#15 250.7    Compiling evcxr_repl v0.21.1
#15 258.3     Finished `release` profile [optimized] target(s) in 2m 06s
#15 259.1   Installing /usr/local/cargo/bin/evcxr
#15 259.1    Installed package `evcxr_repl v0.21.1` (executable `evcxr`)
#15 259.5 Writing /root/.local/share/jupyter/kernels/rust/kernel.json
#15 259.5 Writing /root/.local/share/jupyter/kernels/rust/logo-32x32.png
#15 259.5 Writing /root/.local/share/jupyter/kernels/rust/logo-64x64.png
#15 259.5 Writing /root/.local/share/jupyter/kernels/rust/logo-LICENSE.md
#15 259.5 Writing /root/.local/share/jupyter/kernels/rust/kernel.js
#15 259.5 Writing /root/.local/share/jupyter/kernels/rust/lint.js
#15 259.5 Writing /root/.local/share/jupyter/kernels/rust/lint.css
#15 259.5 Writing /root/.local/share/jupyter/kernels/rust/lint-LICENSE
#15 259.5 Writing /root/.local/share/jupyter/kernels/rust/version.txt
#15 259.5 Installation complete
#15 DONE 261.4s

#16 [ 7/10] RUN set -eux;     arch="$(dpkg --print-architecture)";     case "$arch" in       amd64) sarch=x86_64 ;;       arm64) sarch=aarch64 ;;       *) echo "unsupported arch: $arch" >&2; exit 1 ;;     esac;     url="https://github.com/mozilla/sccache/releases/download/v0.8.2/sccache-v0.8.2-${sarch}-unknown-linux-musl.tar.gz";     curl -sSL "$url" -o /tmp/sccache.tar.gz;     tar -xzf /tmp/sccache.tar.gz -C /tmp;     cp "/tmp/sccache-v0.8.2-${sarch}-unknown-linux-musl/sccache" /usr/local/bin/sccache;     chmod +x /usr/local/bin/sccache;     rm -rf /tmp/sccache*;     sccache --version
#16 3.498 + dpkg --print-architecture
#16 3.518 + arch=amd64
#16 3.518 + sarch=x86_64
#16 3.518 + url=https://github.com/mozilla/sccache/releases/download/v0.8.2/sccache-v0.8.2-x86_64-unknown-linux-musl.tar.gz
#16 3.518 + curl -sSL https://github.com/mozilla/sccache/releases/download/v0.8.2/sccache-v0.8.2-x86_64-unknown-linux-musl.tar.gz -o /tmp/sccache.tar.gz
#16 5.865 + tar -xzf /tmp/sccache.tar.gz -C /tmp
#16 6.075 + cp /tmp/sccache-v0.8.2-x86_64-unknown-linux-musl/sccache /usr/local/bin/sccache
#16 6.165 + chmod +x /usr/local/bin/sccache
#16 6.167 + rm -rf /tmp/sccache-v0.8.2-x86_64-unknown-linux-musl /tmp/sccache.tar.gz
#16 6.172 + sccache --version
#16 6.173 sccache 0.8.2
#16 DONE 6.2s

#17 [ 8/10] COPY prewarm.evcxr /opt/prewarm.evcxr
#17 DONE 0.4s

#18 [ 9/10] RUN CARGO_BUILD_JOBS=4 evcxr < /opt/prewarm.evcxr && sccache --show-stats
#18 0.562 Welcome to evcxr. For help, type :help
#18 54.06 Timing: true
#18 54.06 
#18 54.06 [34mTook 0ms[0m
#18 54.06 [34mTook 0ms[0m
#18 54.06 [34mTook 0ms[0m
#18 57.83    Compiling autocfg v1.5.1
#18 57.83    Compiling rawpointer v0.2.1
#18 58.04    Compiling matrixmultiply v0.3.11
#18 59.13    Compiling ndarray v0.15.6
#18 62.13 [34mTook 8072ms[0m
#18 62.13 [34m  Final compile: 6307ms[0m
#18 62.13 [34m  Execution: 0ms[0m
#18 107.6    Compiling version_check v0.9.5
#18 107.6    Compiling quote v1.0.47
#18 108.1    Compiling libc v0.2.189
#18 108.3    Compiling libm v0.2.16
#18 108.5    Compiling serde_core v1.0.229
#18 108.9    Compiling object v0.39.1
#18 109.8    Compiling shlex v2.0.1
#18 110.3    Compiling zerocopy v0.8.56
#18 110.3    Compiling syn v3.0.3
#18 111.4    Compiling cc v1.4.2
#18 113.3    Compiling memchr v2.8.3
#18 113.5    Compiling serde v1.0.229
#18 113.9    Compiling serde_derive v1.0.229
#18 115.8    Compiling syn v2.0.119
#18 118.5    Compiling ar_archive_writer v0.5.3
#18 118.8    Compiling rustversion v1.0.23
#18 119.0    Compiling psm v0.1.32
#18 119.3    Compiling getrandom v0.3.4
#18 119.6    Compiling bitflags v2.13.1
#18 120.0    Compiling stacker v0.1.25
#18 120.2    Compiling ahash v0.8.12
#18 120.3    Compiling thiserror v1.0.69
#18 120.3    Compiling parking_lot_core v0.9.12
#18 120.4    Compiling either v1.17.0
#18 120.7    Compiling rayon v1.12.0
#18 120.7    Compiling planus v0.3.1
#18 122.3    Compiling smallvec v1.15.2
#18 123.0    Compiling syn v1.0.109
#18 123.1    Compiling scopeguard v1.2.0
#18 123.2    Compiling equivalent v1.0.2
#18 123.5    Compiling once_cell v1.21.4
#18 123.5    Compiling lock_api v0.4.14
#18 124.0    Compiling castaway v0.2.4
#18 124.1    Compiling bytemuck_derive v1.12.0
#18 124.2    Compiling hashbrown v0.17.1
#18 124.8    Compiling itoa v1.0.18
#18 124.8    Compiling static_assertions v1.1.0
#18 124.9    Compiling simdutf8 v0.1.5
#18 125.0    Compiling foldhash v0.1.5
#18 125.1    Compiling ryu v1.0.23
#18 125.2    Compiling hashbrown v0.15.5
#18 125.3    Compiling compact_str v0.8.2
#18 126.0    Compiling bytemuck v1.25.2
#18 126.1    Compiling indexmap v2.14.0
#18 126.8    Compiling parking_lot v0.12.5
#18 128.1    Compiling regex v1.13.1
#18 128.5    Compiling memmap2 v0.7.1
#18 129.4    Compiling bytes v1.12.1
#18 129.4    Compiling chrono v0.4.45
#18 130.4    Compiling heck v0.5.0
#18 130.6    Compiling strum_macros v0.26.4
#18 130.7    Compiling getrandom v0.2.17
#18 131.5    Compiling strength_reduce v0.2.4
#18 131.8    Compiling atoi_simd v0.15.6
#18 132.0    Compiling ethnum v1.5.3
#18 132.0    Compiling rustix v1.1.4
#18 132.1    Compiling rand_core v0.6.4
#18 132.2    Compiling multiversion v0.7.4
#18 132.4    Compiling litrs v1.0.0
#18 132.6    Compiling rand_chacha v0.3.1
#18 133.2    Compiling rand v0.8.7
#18 133.7    Compiling crossterm v0.29.0
#18 134.0    Compiling rand_distr v0.4.3
#18 134.0    Compiling hashbrown v0.14.5
#18 134.9    Compiling argminmax v0.6.3
#18 135.0    Compiling now v0.1.3
#18 135.1    Compiling atoi v2.0.0
#18 135.3    Compiling glob v0.3.4
#18 135.5    Compiling home v0.5.12
#18 135.7    Compiling recursive v0.1.1
#18 135.9    Compiling polars v0.44.2
#18 136.1    Compiling base64 v0.22.1
#18 137.6    Compiling ndarray v0.15.6
#18 289.9 [34mTook 227753ms[0m
#18 289.9 [34m  Final compile: 207999ms[0m
#18 289.9 [34m  Execution: 11ms[0m
#18 316.9    Compiling approx v0.4.0
#18 317.0    Compiling linfa v0.7.1
#18 317.3    Compiling ndarray v0.15.6
#18 319.9    Compiling sprs v0.11.1
#18 322.1 [34mTook 32225ms[0m
#18 322.1 [34m  Final compile: 31300ms[0m
#18 322.1 [34m  Execution: 0ms[0m
#18 329.0    Compiling indexmap v1.9.3
#18 329.0    Compiling hashbrown v0.12.3
#18 329.0    Compiling itertools v0.10.5
#18 329.2    Compiling noisy_float v0.2.1
#18 329.4    Compiling kdtree v0.7.0
#18 329.5    Compiling ndarray v0.15.6
#18 329.7    Compiling rand_xoshiro v0.6.0
#18 330.1    Compiling space v0.12.1
#18 333.0    Compiling sprs v0.11.1
#18 334.5    Compiling linfa v0.7.1
#18 336.2 [34mTook 14088ms[0m
#18 336.2 [34m  Final compile: 13279ms[0m
#18 336.2 [34m  Execution: 0ms[0m
#18 342.4 [34mTook 6202ms[0m
#18 342.4 [34m  Final compile: 4946ms[0m
#18 342.4 [34m  Execution: 0ms[0m
#18 348.8    Compiling anyhow v1.0.104
#18 348.8    Compiling paste v1.0.15
#18 348.8    Compiling instant v0.1.13
#18 353.7    Compiling argmin v0.9.0
#18 355.1 [34mTook 12686ms[0m
#18 355.1 [34m  Final compile: 11141ms[0m
#18 355.1 [34m  Execution: 0ms[0m
#18 361.7 [34mTook 6585ms[0m
#18 361.7 [34m  Final compile: 5238ms[0m
#18 361.7 [34m  Execution: 0ms[0m
#18 369.3    Compiling approx v0.3.2
#18 369.3    Compiling num_cpus v1.17.0
#18 369.9    Compiling alga v0.9.3
#18 370.1    Compiling sprs v0.11.1
#18 371.9    Compiling linfa v0.7.1
#18 373.8 [34mTook 12166ms[0m
#18 373.8 [34m  Final compile: 9537ms[0m
#18 373.8 [34m  Execution: 0ms[0m
#18 380.9    Compiling approx v0.5.1
#18 381.2    Compiling ndarray v0.15.6
#18 383.7    Compiling num v0.4.3
#18 383.8    Compiling smartcore v0.3.2
#18 384.4    Compiling sprs v0.11.1
#18 386.1    Compiling linfa v0.7.1
#18 389.1    Compiling argmin v0.9.0
#18 390.4 [34mTook 16627ms[0m
#18 390.4 [34m  Final compile: 15301ms[0m
#18 390.4 [34m  Execution: 0ms[0m
#18 397.0    Compiling plotters v0.3.7
#18 398.1 [34mTook 7627ms[0m
#18 398.1 [34m  Final compile: 6856ms[0m
#18 398.1 [34m  Execution: 0ms[0m
#18 404.3    Compiling argmin v0.10.0
#18 405.2 [34mTook 7154ms[0m
#18 405.2 [34m  Final compile: 6512ms[0m
#18 405.2 [34m  Execution: 0ms[0m
#18 405.2 [34mTook 7ms[0m
#18 405.2 [34mTook 0ms[0m
#18 405.5 [34mTook 306ms[0m
#18 405.5 [34m  Final compile: 304ms[0m
#18 405.5 [34m  Execution: 0ms[0m
#18 426.7 [34mTook 21153ms[0m
#18 426.7 [34m  Final compile: 21150ms[0m
#18 426.7 [34m  Execution: 2ms[0m
#18 427.8 [34mTook 1085ms[0m
#18 427.8 [34m  Final compile: 1081ms[0m
#18 427.8 [34m  Execution: 3ms[0m
#18 427.8 [34mTook 0ms[0m
#18 427.8 prewarm: ndarray ok
#18 428.1 [34mTook 295ms[0m
#18 428.1 [34m  Final compile: 295ms[0m
#18 428.1 [34m  Execution: 0ms[0m
#18 428.5 prewarm: plotters ok
#18 428.5 [34mTook 411ms[0m
#18 428.5 [34m  Final compile: 410ms[0m
#18 428.5 [34m  Execution: 1ms[0m
#18 428.5 [34mTook 0ms[0m
#18 428.8 prewarm: all standard crates compiled and cached
#18 428.8 [34mTook 324ms[0m
#18 428.8 [34m  Final compile: 323ms[0m
#18 428.8 [34m  Execution: 1ms[0m
#18 431.5 Compile requests                    462
#18 431.5 Compile requests executed           201
#18 431.5 Cache hits                            0
#18 431.5 Cache misses                        198
#18 431.5 Cache misses (Rust)                 198
#18 431.5 Cache hits rate                    0.00 %
#18 431.5 Cache hits rate (Rust)             0.00 %
#18 431.5 Cache timeouts                        0
#18 431.5 Cache read errors                     0
#18 431.5 Forced recaches                       0
#18 431.5 Cache write errors                    0
#18 431.5 Compilation failures                  3
#18 431.5 Cache errors                          0
#18 431.5 Non-cacheable compilations            0
#18 431.5 Non-cacheable calls                 242
#18 431.5 Non-compilation calls                19
#18 431.5 Unsupported compiler calls            0
#18 431.5 Average cache write               0.003 s
#18 431.5 Average compiler                  1.650 s
#18 431.5 Average cache read hit            0.000 s
#18 431.5 Failed distributed compilations       0
#18 431.5 
#18 431.5 Non-cacheable reasons:
#18 431.5 -                                   104
#18 431.5 crate-type                           67
#18 431.5 missing input                        67
#18 431.5 -o                                    3
#18 431.5 -x                                    1
#18 431.5 
#18 431.5 Cache location                  Local disk: "/opt/sccache"
#18 431.5 Use direct/preprocessor mode?   yes
#18 431.5 Version (client)                0.8.2
#18 431.5 Cache size                          180 MiB
#18 431.5 Max cache size                       20 GiB
#18 DONE 431.8s

#19 [10/10] WORKDIR /workspace
#19 DONE 0.9s

#20 exporting to image
#20 exporting layers
#20 exporting layers 37.1s done
#20 exporting manifest sha256:c33ecdb79c07f68a5f5e6aa415a839af825bf7db85df44f917d1ecb4052c237c 0.0s done
#20 exporting config sha256:be32c4e4c356b82467fc30ea5ba538384538b492b72130eb5a4325bcdb4484bc done
#20 exporting attestation manifest sha256:096617c9b697db8c0043c7cc4862de8f46f920ff168b3fb1419e2a037a4c799b 0.0s done
#20 exporting manifest list sha256:f437635dd17d1b16cbe405879cb997ec825b573e0552b8369d0a150b7fac8673 done
#20 naming to docker.io/library/rust-jupyter-env:latest done
#20 unpacking to docker.io/library/rust-jupyter-env:latest
#20 unpacking to docker.io/library/rust-jupyter-env:latest 31.0s done
#20 DONE 68.3s

#21 resolving provenance for metadata file
#21 DONE 0.2s
 Image rust-jupyter-env:latest Built 
