[NbConvertApp] Converting notebook /book/01b-eda/exploratory-data-analysis.ipynb to notebook
No configuration file found, use the default configuration
   Compiling libc v0.2.189
   Compiling version_check v0.9.5
   Compiling quote v1.0.47
   Compiling shlex v2.0.1
   Compiling autocfg v1.5.1
   Compiling libm v0.2.16
   Compiling serde_core v1.0.229
   Compiling object v0.39.1
   Compiling zerocopy v0.8.56
   Compiling serde v1.0.229
   Compiling memchr v2.8.3
   Compiling rustversion v1.0.23
   Compiling getrandom v0.3.4
   Compiling bitflags v2.13.1
   Compiling ahash v0.8.12
   Compiling thiserror v1.0.69
   Compiling either v1.17.0
   Compiling parking_lot_core v0.9.12
   Compiling planus v0.3.1
   Compiling equivalent v1.0.2
   Compiling syn v1.0.109
   Compiling once_cell v1.21.4
   Compiling smallvec v1.15.2
   Compiling jobserver v0.1.35
   Compiling scopeguard v1.2.0
   Compiling simdutf8 v0.1.5
   Compiling static_assertions v1.1.0
   Compiling cc v1.4.2
   Compiling lock_api v0.4.14
   Compiling syn v3.0.3
   Compiling syn v2.0.119
   Compiling rayon v1.12.0
   Compiling hashbrown v0.17.1
   Compiling ryu v1.0.23
   Compiling foldhash v0.1.5
   Compiling castaway v0.2.4
   Compiling itoa v1.0.18
   Compiling memmap2 v0.7.1
   Compiling ar_archive_writer v0.5.3
   Compiling parking_lot v0.12.5
   Compiling stacker v0.1.25
   Compiling bytes v1.12.1
   Compiling psm v0.1.32
   Compiling chrono v0.4.45
   Compiling heck v0.5.0
   Compiling getrandom v0.2.17
   Compiling ethnum v1.5.3
   Compiling serde_derive v1.0.229
   Compiling bytemuck_derive v1.12.0
   Compiling rustix v1.1.4
   Compiling strength_reduce v0.2.4
   Compiling regex v1.13.1
   Compiling atoi_simd v0.15.6
   Compiling rand_core v0.6.4
   Compiling matrixmultiply v0.3.11
   Compiling strum_macros v0.26.4
   Compiling litrs v1.0.0
   Compiling rawpointer v0.2.1
   Compiling crc32fast v1.5.0
   Compiling rand_chacha v0.3.1
   Compiling rand v0.8.7
   Compiling ndarray v0.15.6
   Compiling snap v1.1.2
   Compiling rand_distr v0.4.3
   Compiling crossterm v0.29.0
   Compiling adler2 v2.0.1
   Compiling argminmax v0.6.3
   Compiling miniz_oxide v0.8.9
   Compiling bytemuck v1.25.2
   Compiling lz4 v1.28.1
   Compiling now v0.1.3
   Compiling flate2 v1.1.9
   Compiling atoi v2.0.0
   Compiling base64 v0.22.1
   Compiling brotli v6.0.0
   Compiling home v0.5.12
   Compiling glob v0.3.4
   Compiling polars v0.44.2
   Compiling recursive v0.1.1
   Compiling multiversion v0.7.4
   Compiling zstd v0.13.3
   Compiling indexmap v2.14.0
   Compiling hashbrown v0.15.5
   Compiling compact_str v0.8.2
   Compiling hashbrown v0.14.5
