########## smartcore eval (fixed) ##########
OK_smartcore split_and_metrics acc=0.6666666666666666

########## serde+bincode ##########
OK_bincode roundtrip=true

########## rust_shap ##########
OK_rust_shap_dep

########## shapley ##########
OK_shapley_dep

########## tract-onnx ##########
OK_tract_dep

########## augurs ##########
OK_augurs_dep

########## axum+tokio ##########
OK_axum_dep

########## tracing ##########
OK_tracing_dep

########## metrics ##########
OK_metrics_dep

########## perpetual ##########
error[E0554]: `#![feature]` may not be used on the stable release channel
OK_perpetual_dep

VIABILITY2_DONE
